Archive member included because of file (symbol)

.\CortexM3\ARM_GCC_493\Debug\USB_UART.a(cyfitter_cfg.o)
                              .\CortexM3\ARM_GCC_493\Debug\Cm3Start.o (cyfitter_cfg)
.\CortexM3\ARM_GCC_493\Debug\USB_UART.a(CyLib.o)
                              .\CortexM3\ARM_GCC_493\Debug\Cm3Start.o (CyHalt)
.\CortexM3\ARM_GCC_493\Debug\USB_UART.a(cyPm.o)
                              .\CortexM3\ARM_GCC_493\Debug\USB_UART.a(CyLib.o) (CyPmReadStatus)
.\CortexM3\ARM_GCC_493\Debug\USB_UART.a(USBUART_1.o)
                              .\CortexM3\ARM_GCC_493\Debug\main.o (USBUART_1_Start)
.\CortexM3\ARM_GCC_493\Debug\USB_UART.a(USBUART_1_cdc.o)
                              .\CortexM3\ARM_GCC_493\Debug\main.o (USBUART_1_CDC_Init)
.\CortexM3\ARM_GCC_493\Debug\USB_UART.a(USBUART_1_drv.o)
                              .\CortexM3\ARM_GCC_493\Debug\USB_UART.a(USBUART_1.o) (USBUART_1_lastPacketSize)
.\CortexM3\ARM_GCC_493\Debug\USB_UART.a(USBUART_1_episr.o)
                              .\CortexM3\ARM_GCC_493\Debug\USB_UART.a(USBUART_1.o) (USBUART_1_EP_1_ISR)
.\CortexM3\ARM_GCC_493\Debug\USB_UART.a(USBUART_1_pm.o)
                              .\CortexM3\ARM_GCC_493\Debug\USB_UART.a(USBUART_1.o) (USBUART_1_DP_ISR)
.\CortexM3\ARM_GCC_493\Debug\USB_UART.a(USBUART_1_std.o)
                              .\CortexM3\ARM_GCC_493\Debug\USB_UART.a(USBUART_1_pm.o) (USBUART_1_ConfigReg)
.\CortexM3\ARM_GCC_493\Debug\USB_UART.a(USBUART_1_vnd.o)
                              .\CortexM3\ARM_GCC_493\Debug\USB_UART.a(USBUART_1_drv.o) (USBUART_1_HandleVendorRqst)
.\CortexM3\ARM_GCC_493\Debug\USB_UART.a(USBUART_1_Dp.o)
                              .\CortexM3\ARM_GCC_493\Debug\USB_UART.a(USBUART_1_pm.o) (USBUART_1_Dp_ClearInterrupt)
.\CortexM3\ARM_GCC_493\Debug\USB_UART.a(CyScBoostClk.o)
                              .\CortexM3\ARM_GCC_493\Debug\USB_UART.a(CyLib.o) (CyScBoostClk_Start)
.\CortexM3\ARM_GCC_493\Debug\USB_UART.a(CyBootAsmGnu.o)
                              .\CortexM3\ARM_GCC_493\Debug\USB_UART.a(cyfitter_cfg.o) (CyDelayCycles)
.\CortexM3\ARM_GCC_493\Debug\USB_UART.a(CyFlash.o)
                              .\CortexM3\ARM_GCC_493\Debug\USB_UART.a(cyPm.o) (CyFlash_SetWaitCycles)
.\CortexM3\ARM_GCC_493\Debug\USB_UART.a(CySpc.o)
                              .\CortexM3\ARM_GCC_493\Debug\USB_UART.a(CyFlash.o) (CySpcStart)
.\CortexM3\ARM_GCC_493\Debug\USB_UART.a(USBUART_1_cls.o)
                              .\CortexM3\ARM_GCC_493\Debug\USB_UART.a(USBUART_1_drv.o) (USBUART_1_DispatchClassRqst)
.\CortexM3\ARM_GCC_493\Debug\USB_UART.a(USBUART_1_descr.o)
                              .\CortexM3\ARM_GCC_493\Debug\USB_UART.a(USBUART_1_std.o) (USBUART_1_idSerialNumberStringDescriptor)
c:/program files (x86)/cypress/psoc creator/4.0/psoc creator/import/gnu/arm/4.9.3/bin/../lib/gcc/arm-none-eabi/4.9.3/../../../../arm-none-eabi/lib/armv7-m\libg_nano.a(lib_a-errno.o)
                              .\CortexM3\ARM_GCC_493\Debug\Cm3Start.o (__errno)
c:/program files (x86)/cypress/psoc creator/4.0/psoc creator/import/gnu/arm/4.9.3/bin/../lib/gcc/arm-none-eabi/4.9.3/../../../../arm-none-eabi/lib/armv7-m\libg_nano.a(lib_a-exit.o)
                              c:/program files (x86)/cypress/psoc creator/4.0/psoc creator/import/gnu/arm/4.9.3/bin/../lib/gcc/arm-none-eabi/4.9.3/../../../../arm-none-eabi/lib/armv7-m/crt0.o (exit)
c:/program files (x86)/cypress/psoc creator/4.0/psoc creator/import/gnu/arm/4.9.3/bin/../lib/gcc/arm-none-eabi/4.9.3/../../../../arm-none-eabi/lib/armv7-m\libg_nano.a(lib_a-impure.o)
                              c:/program files (x86)/cypress/psoc creator/4.0/psoc creator/import/gnu/arm/4.9.3/bin/../lib/gcc/arm-none-eabi/4.9.3/../../../../arm-none-eabi/lib/armv7-m\libg_nano.a(lib_a-exit.o) (_global_impure_ptr)
c:/program files (x86)/cypress/psoc creator/4.0/psoc creator/import/gnu/arm/4.9.3/bin/../lib/gcc/arm-none-eabi/4.9.3/../../../../arm-none-eabi/lib/armv7-m\libg_nano.a(lib_a-init.o)
                              c:/program files (x86)/cypress/psoc creator/4.0/psoc creator/import/gnu/arm/4.9.3/bin/../lib/gcc/arm-none-eabi/4.9.3/../../../../arm-none-eabi/lib/armv7-m/crt0.o (__libc_init_array)
c:/program files (x86)/cypress/psoc creator/4.0/psoc creator/import/gnu/arm/4.9.3/bin/../lib/gcc/arm-none-eabi/4.9.3/../../../../arm-none-eabi/lib/armv7-m\libg_nano.a(lib_a-memcpy.o)
                              .\CortexM3\ARM_GCC_493\Debug\USB_UART.a(cyfitter_cfg.o) (memcpy)
c:/program files (x86)/cypress/psoc creator/4.0/psoc creator/import/gnu/arm/4.9.3/bin/../lib/gcc/arm-none-eabi/4.9.3/../../../../arm-none-eabi/lib/armv7-m\libg_nano.a(lib_a-memset.o)
                              c:/program files (x86)/cypress/psoc creator/4.0/psoc creator/import/gnu/arm/4.9.3/bin/../lib/gcc/arm-none-eabi/4.9.3/../../../../arm-none-eabi/lib/armv7-m/crt0.o (memset)

Allocating common symbols
Common symbol       size              file

USBUART_1_interfaceSettingLast
                    0x2               .\CortexM3\ARM_GCC_493\Debug\USB_UART.a(USBUART_1_drv.o)
USBUART_1_cdcDataInEp
                    0x2               .\CortexM3\ARM_GCC_493\Debug\USB_UART.a(USBUART_1_cdc.o)
USBUART_1_ep0Mode   0x1               .\CortexM3\ARM_GCC_493\Debug\USB_UART.a(USBUART_1_drv.o)
USBUART_1_lastPacketSize
                    0x1               .\CortexM3\ARM_GCC_493\Debug\USB_UART.a(USBUART_1_drv.o)
USBUART_1_configurationChanged
                    0x1               .\CortexM3\ARM_GCC_493\Debug\USB_UART.a(USBUART_1_drv.o)
USBUART_1_configuration
                    0x1               .\CortexM3\ARM_GCC_493\Debug\USB_UART.a(USBUART_1_drv.o)
USBUART_1_interfaceNumber
                    0x1               .\CortexM3\ARM_GCC_493\Debug\USB_UART.a(USBUART_1_drv.o)
USBUART_1_deviceStatus
                    0x1               .\CortexM3\ARM_GCC_493\Debug\USB_UART.a(USBUART_1_drv.o)
USBUART_1_cdcDataOutEp
                    0x2               .\CortexM3\ARM_GCC_493\Debug\USB_UART.a(USBUART_1_cdc.o)
USBUART_1_cdcCommInInterruptEp
                    0x2               .\CortexM3\ARM_GCC_493\Debug\USB_UART.a(USBUART_1_cdc.o)
USBUART_1_ep0Toggle
                    0x1               .\CortexM3\ARM_GCC_493\Debug\USB_UART.a(USBUART_1_drv.o)
USBUART_1_serialStateBitmap
                    0x4               .\CortexM3\ARM_GCC_493\Debug\USB_UART.a(USBUART_1_cdc.o)
Count               0x1               .\CortexM3\ARM_GCC_493\Debug\main.o
USBUART_1_linesChanged
                    0x2               .\CortexM3\ARM_GCC_493\Debug\USB_UART.a(USBUART_1_cdc.o)
USBUART_1_interfaceClass
                    0x4               .\CortexM3\ARM_GCC_493\Debug\USB_UART.a(USBUART_1_drv.o)
USBUART_1_linesControlBitmap
                    0x4               .\CortexM3\ARM_GCC_493\Debug\USB_UART.a(USBUART_1_cdc.o)
USBUART_1_interfaceSetting
                    0x2               .\CortexM3\ARM_GCC_493\Debug\USB_UART.a(USBUART_1_drv.o)
USBUART_1_currentTD
                    0xc               .\CortexM3\ARM_GCC_493\Debug\USB_UART.a(USBUART_1_drv.o)
USBUART_1_ep0Count  0x1               .\CortexM3\ARM_GCC_493\Debug\USB_UART.a(USBUART_1_drv.o)
USBUART_1_EP        0x6c              .\CortexM3\ARM_GCC_493\Debug\USB_UART.a(USBUART_1_drv.o)
Buffer              0x80              .\CortexM3\ARM_GCC_493\Debug\main.o
USBUART_1_transferByteCount
                    0x2               .\CortexM3\ARM_GCC_493\Debug\USB_UART.a(USBUART_1_drv.o)
USBUART_1_transferState
                    0x1               .\CortexM3\ARM_GCC_493\Debug\USB_UART.a(USBUART_1_drv.o)
USBUART_1_device    0x1               .\CortexM3\ARM_GCC_493\Debug\USB_UART.a(USBUART_1_drv.o)
dieTemperature      0x2               .\CortexM3\ARM_GCC_493\Debug\USB_UART.a(CyFlash.o)
USBUART_1_interfaceStatus
                    0x2               .\CortexM3\ARM_GCC_493\Debug\USB_UART.a(USBUART_1_drv.o)
USBUART_1_deviceAddress
                    0x1               .\CortexM3\ARM_GCC_493\Debug\USB_UART.a(USBUART_1_drv.o)
USBUART_1_idSerialNumberStringDescriptor
                    0x22              .\CortexM3\ARM_GCC_493\Debug\USB_UART.a(USBUART_1_descr.o)

Discarded input sections

 .text          0x00000000        0x0 c:/program files (x86)/cypress/psoc creator/4.0/psoc creator/import/gnu/arm/4.9.3/bin/../lib/gcc/arm-none-eabi/4.9.3/armv7-m/crti.o
 .data          0x00000000        0x0 c:/program files (x86)/cypress/psoc creator/4.0/psoc creator/import/gnu/arm/4.9.3/bin/../lib/gcc/arm-none-eabi/4.9.3/armv7-m/crti.o
 .bss           0x00000000        0x0 c:/program files (x86)/cypress/psoc creator/4.0/psoc creator/import/gnu/arm/4.9.3/bin/../lib/gcc/arm-none-eabi/4.9.3/armv7-m/crti.o
 .data          0x00000000        0x4 c:/program files (x86)/cypress/psoc creator/4.0/psoc creator/import/gnu/arm/4.9.3/bin/../lib/gcc/arm-none-eabi/4.9.3/armv7-m/crtbegin.o
 .text          0x00000000       0x74 c:/program files (x86)/cypress/psoc creator/4.0/psoc creator/import/gnu/arm/4.9.3/bin/../lib/gcc/arm-none-eabi/4.9.3/../../../../arm-none-eabi/lib/armv7-m/crt0.o
 .data          0x00000000        0x0 c:/program files (x86)/cypress/psoc creator/4.0/psoc creator/import/gnu/arm/4.9.3/bin/../lib/gcc/arm-none-eabi/4.9.3/../../../../arm-none-eabi/lib/armv7-m/crt0.o
 .bss           0x00000000        0x0 c:/program files (x86)/cypress/psoc creator/4.0/psoc creator/import/gnu/arm/4.9.3/bin/../lib/gcc/arm-none-eabi/4.9.3/../../../../arm-none-eabi/lib/armv7-m/crt0.o
 .ARM.extab     0x00000000        0x0 c:/program files (x86)/cypress/psoc creator/4.0/psoc creator/import/gnu/arm/4.9.3/bin/../lib/gcc/arm-none-eabi/4.9.3/../../../../arm-none-eabi/lib/armv7-m/crt0.o
 .ARM.exidx     0x00000000        0x8 c:/program files (x86)/cypress/psoc creator/4.0/psoc creator/import/gnu/arm/4.9.3/bin/../lib/gcc/arm-none-eabi/4.9.3/../../../../arm-none-eabi/lib/armv7-m/crt0.o
 .text          0x00000000        0x0 .\CortexM3\ARM_GCC_493\Debug\main.o
 .data          0x00000000        0x0 .\CortexM3\ARM_GCC_493\Debug\main.o
 .bss           0x00000000        0x0 .\CortexM3\ARM_GCC_493\Debug\main.o
 .text          0x00000000        0x0 .\CortexM3\ARM_GCC_493\Debug\cymetadata.o
 .data          0x00000000        0x0 .\CortexM3\ARM_GCC_493\Debug\cymetadata.o
 .bss           0x00000000        0x0 .\CortexM3\ARM_GCC_493\Debug\cymetadata.o
 .text          0x00000000        0x0 .\CortexM3\ARM_GCC_493\Debug\Cm3Start.o
 .data          0x00000000        0x4 .\CortexM3\ARM_GCC_493\Debug\Cm3Start.o
 .bss           0x00000000        0x0 .\CortexM3\ARM_GCC_493\Debug\Cm3Start.o
 .text._exit    0x00000000        0xc .\CortexM3\ARM_GCC_493\Debug\Cm3Start.o
 .text._sbrk    0x00000000       0x30 .\CortexM3\ARM_GCC_493\Debug\Cm3Start.o
 .text          0x00000000        0x0 .\CortexM3\ARM_GCC_493\Debug\USB_UART.a(cyfitter_cfg.o)
 .data          0x00000000        0x0 .\CortexM3\ARM_GCC_493\Debug\USB_UART.a(cyfitter_cfg.o)
 .bss           0x00000000        0x0 .\CortexM3\ARM_GCC_493\Debug\USB_UART.a(cyfitter_cfg.o)
 .text.SetAnalogRoutingPumps
                0x00000000       0x10 .\CortexM3\ARM_GCC_493\Debug\USB_UART.a(cyfitter_cfg.o)
 .text          0x00000000        0x0 .\CortexM3\ARM_GCC_493\Debug\USB_UART.a(CyLib.o)
 .bss           0x00000000       0x1c .\CortexM3\ARM_GCC_493\Debug\USB_UART.a(CyLib.o)
 .text.CyUSB_PowerOnCheck
                0x00000000       0x48 .\CortexM3\ARM_GCC_493\Debug\USB_UART.a(CyLib.o)
 .text.CyBusClk_Internal_SetDivider
                0x00000000       0x48 .\CortexM3\ARM_GCC_493\Debug\USB_UART.a(CyLib.o)
 .text.CyPLL_OUT_Stop
                0x00000000       0x10 .\CortexM3\ARM_GCC_493\Debug\USB_UART.a(CyLib.o)
 .text.CyIMO_Stop
                0x00000000       0x1c .\CortexM3\ARM_GCC_493\Debug\USB_UART.a(CyLib.o)
 .text.CyIMO_EnableDoubler
                0x00000000       0x10 .\CortexM3\ARM_GCC_493\Debug\USB_UART.a(CyLib.o)
 .text.CyIMO_DisableDoubler
                0x00000000       0x10 .\CortexM3\ARM_GCC_493\Debug\USB_UART.a(CyLib.o)
 .text.CyMasterClk_SetSource
                0x00000000       0x18 .\CortexM3\ARM_GCC_493\Debug\USB_UART.a(CyLib.o)
 .text.CyMasterClk_SetDivider
                0x00000000        0xc .\CortexM3\ARM_GCC_493\Debug\USB_UART.a(CyLib.o)
 .text.CyBusClk_SetDivider
                0x00000000       0x70 .\CortexM3\ARM_GCC_493\Debug\USB_UART.a(CyLib.o)
 .text.CyUsbClk_SetSource
                0x00000000       0x18 .\CortexM3\ARM_GCC_493\Debug\USB_UART.a(CyLib.o)
 .text.CyILO_Start1K
                0x00000000       0x10 .\CortexM3\ARM_GCC_493\Debug\USB_UART.a(CyLib.o)
 .text.CyILO_Stop1K
                0x00000000       0x10 .\CortexM3\ARM_GCC_493\Debug\USB_UART.a(CyLib.o)
 .text.CyILO_Start100K
                0x00000000       0x10 .\CortexM3\ARM_GCC_493\Debug\USB_UART.a(CyLib.o)
 .text.CyILO_Stop100K
                0x00000000       0x10 .\CortexM3\ARM_GCC_493\Debug\USB_UART.a(CyLib.o)
 .text.CyPLL_OUT_Start
                0x00000000       0x78 .\CortexM3\ARM_GCC_493\Debug\USB_UART.a(CyLib.o)
 .text.CyIMO_Start
                0x00000000       0x60 .\CortexM3\ARM_GCC_493\Debug\USB_UART.a(CyLib.o)
 .text.CyILO_Enable33K
                0x00000000       0x10 .\CortexM3\ARM_GCC_493\Debug\USB_UART.a(CyLib.o)
 .text.CyILO_Disable33K
                0x00000000       0x10 .\CortexM3\ARM_GCC_493\Debug\USB_UART.a(CyLib.o)
 .text.CyILO_SetSource
                0x00000000       0x18 .\CortexM3\ARM_GCC_493\Debug\USB_UART.a(CyLib.o)
 .text.CyILO_SetPowerMode
                0x00000000       0x24 .\CortexM3\ARM_GCC_493\Debug\USB_UART.a(CyLib.o)
 .text.CyXTAL_32KHZ_Stop
                0x00000000       0x30 .\CortexM3\ARM_GCC_493\Debug\USB_UART.a(CyLib.o)
 .text.CyXTAL_32KHZ_ReadStatus
                0x00000000       0x10 .\CortexM3\ARM_GCC_493\Debug\USB_UART.a(CyLib.o)
 .text.CyXTAL_Start
                0x00000000       0xac .\CortexM3\ARM_GCC_493\Debug\USB_UART.a(CyLib.o)
 .text.CyXTAL_Stop
                0x00000000       0x10 .\CortexM3\ARM_GCC_493\Debug\USB_UART.a(CyLib.o)
 .text.CyXTAL_EnableErrStatus
                0x00000000       0x10 .\CortexM3\ARM_GCC_493\Debug\USB_UART.a(CyLib.o)
 .text.CyXTAL_DisableErrStatus
                0x00000000       0x10 .\CortexM3\ARM_GCC_493\Debug\USB_UART.a(CyLib.o)
 .text.CyXTAL_ReadStatus
                0x00000000       0x18 .\CortexM3\ARM_GCC_493\Debug\USB_UART.a(CyLib.o)
 .text.CyXTAL_EnableFaultRecovery
                0x00000000       0x10 .\CortexM3\ARM_GCC_493\Debug\USB_UART.a(CyLib.o)
 .text.CyXTAL_DisableFaultRecovery
                0x00000000       0x10 .\CortexM3\ARM_GCC_493\Debug\USB_UART.a(CyLib.o)
 .text.CyXTAL_SetStartup
                0x00000000       0x18 .\CortexM3\ARM_GCC_493\Debug\USB_UART.a(CyLib.o)
 .text.CyXTAL_SetFbVoltage
                0x00000000       0x18 .\CortexM3\ARM_GCC_493\Debug\USB_UART.a(CyLib.o)
 .text.CyXTAL_SetWdVoltage
                0x00000000       0x18 .\CortexM3\ARM_GCC_493\Debug\USB_UART.a(CyLib.o)
 .text.CyPLL_OUT_SetPQ
                0x00000000       0x60 .\CortexM3\ARM_GCC_493\Debug\USB_UART.a(CyLib.o)
 .text.CyPLL_OUT_SetSource
                0x00000000       0x34 .\CortexM3\ARM_GCC_493\Debug\USB_UART.a(CyLib.o)
 .text.CyIMO_SetTrimValue
                0x00000000       0xcc .\CortexM3\ARM_GCC_493\Debug\USB_UART.a(CyLib.o)
 .text.CyIMO_SetFreq
                0x00000000       0xf4 .\CortexM3\ARM_GCC_493\Debug\USB_UART.a(CyLib.o)
 .text.CyIMO_SetSource
                0x00000000       0x58 .\CortexM3\ARM_GCC_493\Debug\USB_UART.a(CyLib.o)
 .text.CySoftwareReset
                0x00000000       0x10 .\CortexM3\ARM_GCC_493\Debug\USB_UART.a(CyLib.o)
 .text.CyDelay  0x00000000       0x2c .\CortexM3\ARM_GCC_493\Debug\USB_UART.a(CyLib.o)
 .text.CyXTAL_32KHZ_SetPowerMode
                0x00000000       0x84 .\CortexM3\ARM_GCC_493\Debug\USB_UART.a(CyLib.o)
 .text.CyXTAL_32KHZ_Start
                0x00000000       0x70 .\CortexM3\ARM_GCC_493\Debug\USB_UART.a(CyLib.o)
 .text.CyDelayFreq
                0x00000000       0x4c .\CortexM3\ARM_GCC_493\Debug\USB_UART.a(CyLib.o)
 .text.CyWdtStart
                0x00000000       0x40 .\CortexM3\ARM_GCC_493\Debug\USB_UART.a(CyLib.o)
 .text.CyWdtClear
                0x00000000        0xc .\CortexM3\ARM_GCC_493\Debug\USB_UART.a(CyLib.o)
 .text.CyVdStickyStatus
                0x00000000       0x2c .\CortexM3\ARM_GCC_493\Debug\USB_UART.a(CyLib.o)
 .text.CyVdLvDigitEnable
                0x00000000       0x84 .\CortexM3\ARM_GCC_493\Debug\USB_UART.a(CyLib.o)
 .text.CyVdLvAnalogEnable
                0x00000000       0x80 .\CortexM3\ARM_GCC_493\Debug\USB_UART.a(CyLib.o)
 .text.CyVdLvDigitDisable
                0x00000000       0x30 .\CortexM3\ARM_GCC_493\Debug\USB_UART.a(CyLib.o)
 .text.CyVdLvAnalogDisable
                0x00000000       0x28 .\CortexM3\ARM_GCC_493\Debug\USB_UART.a(CyLib.o)
 .text.CyVdHvAnalogEnable
                0x00000000       0x54 .\CortexM3\ARM_GCC_493\Debug\USB_UART.a(CyLib.o)
 .text.CyVdHvAnalogDisable
                0x00000000       0x20 .\CortexM3\ARM_GCC_493\Debug\USB_UART.a(CyLib.o)
 .text.CyVdRealTimeStatus
                0x00000000       0x1c .\CortexM3\ARM_GCC_493\Debug\USB_UART.a(CyLib.o)
 .text.CyDisableInts
                0x00000000       0x1c .\CortexM3\ARM_GCC_493\Debug\USB_UART.a(CyLib.o)
 .text.CyEnableInts
                0x00000000       0x18 .\CortexM3\ARM_GCC_493\Debug\USB_UART.a(CyLib.o)
 .text.CyFlushCache
                0x00000000       0x44 .\CortexM3\ARM_GCC_493\Debug\USB_UART.a(CyLib.o)
 .text.CyIntSetSysVector
                0x00000000       0x28 .\CortexM3\ARM_GCC_493\Debug\USB_UART.a(CyLib.o)
 .text.CyIntGetSysVector
                0x00000000       0x20 .\CortexM3\ARM_GCC_493\Debug\USB_UART.a(CyLib.o)
 .text.CyIntGetVector
                0x00000000       0x24 .\CortexM3\ARM_GCC_493\Debug\USB_UART.a(CyLib.o)
 .text.CyIntGetPriority
                0x00000000       0x20 .\CortexM3\ARM_GCC_493\Debug\USB_UART.a(CyLib.o)
 .text.CyIntGetState
                0x00000000       0x24 .\CortexM3\ARM_GCC_493\Debug\USB_UART.a(CyLib.o)
 .text.CySetScPumps
                0x00000000      0x110 .\CortexM3\ARM_GCC_493\Debug\USB_UART.a(CyLib.o)
 .text.CySysTickStop
                0x00000000       0x10 .\CortexM3\ARM_GCC_493\Debug\USB_UART.a(CyLib.o)
 .text.CySysTickEnableInterrupt
                0x00000000       0x10 .\CortexM3\ARM_GCC_493\Debug\USB_UART.a(CyLib.o)
 .text.CySysTickEnable
                0x00000000       0x18 .\CortexM3\ARM_GCC_493\Debug\USB_UART.a(CyLib.o)
 .text.CySysTickDisableInterrupt
                0x00000000       0x10 .\CortexM3\ARM_GCC_493\Debug\USB_UART.a(CyLib.o)
 .text.CySysTickSetReload
                0x00000000       0x10 .\CortexM3\ARM_GCC_493\Debug\USB_UART.a(CyLib.o)
 .text.CySysTickGetReload
                0x00000000       0x10 .\CortexM3\ARM_GCC_493\Debug\USB_UART.a(CyLib.o)
 .text.CySysTickGetValue
                0x00000000       0x10 .\CortexM3\ARM_GCC_493\Debug\USB_UART.a(CyLib.o)
 .text.CySysTickSetClockSource
                0x00000000       0x20 .\CortexM3\ARM_GCC_493\Debug\USB_UART.a(CyLib.o)
 .text.CySysTickGetCountFlag
                0x00000000       0x10 .\CortexM3\ARM_GCC_493\Debug\USB_UART.a(CyLib.o)
 .text.CySysTickServiceCallbacks
                0x00000000       0x28 .\CortexM3\ARM_GCC_493\Debug\USB_UART.a(CyLib.o)
 .text.CySysTickClear
                0x00000000        0xc .\CortexM3\ARM_GCC_493\Debug\USB_UART.a(CyLib.o)
 .text.CySysTickInit
                0x00000000       0x58 .\CortexM3\ARM_GCC_493\Debug\USB_UART.a(CyLib.o)
 .text.CySysTickStart
                0x00000000       0x1c .\CortexM3\ARM_GCC_493\Debug\USB_UART.a(CyLib.o)
 .text.CySysTickSetCallback
                0x00000000       0x10 .\CortexM3\ARM_GCC_493\Debug\USB_UART.a(CyLib.o)
 .text.CySysTickGetCallback
                0x00000000       0x10 .\CortexM3\ARM_GCC_493\Debug\USB_UART.a(CyLib.o)
 .text          0x00000000        0x0 .\CortexM3\ARM_GCC_493\Debug\USB_UART.a(cyPm.o)
 .data          0x00000000        0x0 .\CortexM3\ARM_GCC_493\Debug\USB_UART.a(cyPm.o)
 .bss           0x00000000       0x44 .\CortexM3\ARM_GCC_493\Debug\USB_UART.a(cyPm.o)
 .text.CyPmHibSlpSaveSet
                0x00000000      0x1dc .\CortexM3\ARM_GCC_493\Debug\USB_UART.a(cyPm.o)
 .text.CyPmHibSlpRestore
                0x00000000       0xd4 .\CortexM3\ARM_GCC_493\Debug\USB_UART.a(cyPm.o)
 .text.CyPmHviLviSaveDisable
                0x00000000       0xa0 .\CortexM3\ARM_GCC_493\Debug\USB_UART.a(cyPm.o)
 .text.CyPmHibSaveSet
                0x00000000       0x8c .\CortexM3\ARM_GCC_493\Debug\USB_UART.a(cyPm.o)
 .text.CyPmHviLviRestore
                0x00000000       0x48 .\CortexM3\ARM_GCC_493\Debug\USB_UART.a(cyPm.o)
 .text.CyPmHibRestore
                0x00000000       0x58 .\CortexM3\ARM_GCC_493\Debug\USB_UART.a(cyPm.o)
 .text.CyPmSaveClocks
                0x00000000      0x218 .\CortexM3\ARM_GCC_493\Debug\USB_UART.a(cyPm.o)
 .text.CyPmRestoreClocks
                0x00000000      0x24c .\CortexM3\ARM_GCC_493\Debug\USB_UART.a(cyPm.o)
 .text.CyPmAltAct
                0x00000000       0x6c .\CortexM3\ARM_GCC_493\Debug\USB_UART.a(cyPm.o)
 .text.CyPmSleep
                0x00000000       0xf4 .\CortexM3\ARM_GCC_493\Debug\USB_UART.a(cyPm.o)
 .text.CyPmHibernateEx
                0x00000000       0xf4 .\CortexM3\ARM_GCC_493\Debug\USB_UART.a(cyPm.o)
 .text.CyPmHibernate
                0x00000000        0xc .\CortexM3\ARM_GCC_493\Debug\USB_UART.a(cyPm.o)
 .text.CyPmReadStatus
                0x00000000       0x30 .\CortexM3\ARM_GCC_493\Debug\USB_UART.a(cyPm.o)
 .text.CyPmCtwSetInterval
                0x00000000       0x5c .\CortexM3\ARM_GCC_493\Debug\USB_UART.a(cyPm.o)
 .text.CyPmOppsSet
                0x00000000       0x2c .\CortexM3\ARM_GCC_493\Debug\USB_UART.a(cyPm.o)
 .text.CyPmFtwSetInterval
                0x00000000       0x5c .\CortexM3\ARM_GCC_493\Debug\USB_UART.a(cyPm.o)
 .rodata        0x00000000       0x10 .\CortexM3\ARM_GCC_493\Debug\USB_UART.a(cyPm.o)
 .text          0x00000000        0x0 .\CortexM3\ARM_GCC_493\Debug\USB_UART.a(USBUART_1.o)
 .data          0x00000000        0x0 .\CortexM3\ARM_GCC_493\Debug\USB_UART.a(USBUART_1.o)
 .text.USBUART_1_Stop
                0x00000000       0x94 .\CortexM3\ARM_GCC_493\Debug\USB_UART.a(USBUART_1.o)
 .text.USBUART_1_CheckActivity
                0x00000000       0x20 .\CortexM3\ARM_GCC_493\Debug\USB_UART.a(USBUART_1.o)
 .text.USBUART_1_IsConfigurationChanged
                0x00000000       0x20 .\CortexM3\ARM_GCC_493\Debug\USB_UART.a(USBUART_1.o)
 .text.USBUART_1_GetInterfaceSetting
                0x00000000        0xc .\CortexM3\ARM_GCC_493\Debug\USB_UART.a(USBUART_1.o)
 .text.USBUART_1_DisableOutEP
                0x00000000       0x18 .\CortexM3\ARM_GCC_493\Debug\USB_UART.a(USBUART_1.o)
 .text.USBUART_1_Force
                0x00000000        0xc .\CortexM3\ARM_GCC_493\Debug\USB_UART.a(USBUART_1.o)
 .text.USBUART_1_GetEPAckState
                0x00000000       0x20 .\CortexM3\ARM_GCC_493\Debug\USB_UART.a(USBUART_1.o)
 .text.USBUART_1_SetPowerStatus
                0x00000000       0x20 .\CortexM3\ARM_GCC_493\Debug\USB_UART.a(USBUART_1.o)
 .text.USBUART_1_RWUEnabled
                0x00000000       0x18 .\CortexM3\ARM_GCC_493\Debug\USB_UART.a(USBUART_1.o)
 .text.USBUART_1_GetDeviceAddress
                0x00000000       0x10 .\CortexM3\ARM_GCC_493\Debug\USB_UART.a(USBUART_1.o)
 .text.USBUART_1_EnableSofInt
                0x00000000       0x10 .\CortexM3\ARM_GCC_493\Debug\USB_UART.a(USBUART_1.o)
 .text.USBUART_1_DisableSofInt
                0x00000000       0x10 .\CortexM3\ARM_GCC_493\Debug\USB_UART.a(USBUART_1.o)
 .text          0x00000000        0x0 .\CortexM3\ARM_GCC_493\Debug\USB_UART.a(USBUART_1_cdc.o)
 .text.USBUART_1_StrLen
                0x00000000       0x14 .\CortexM3\ARM_GCC_493\Debug\USB_UART.a(USBUART_1_cdc.o)
 .text.USBUART_1_PutString
                0x00000000       0x9c .\CortexM3\ARM_GCC_493\Debug\USB_UART.a(USBUART_1_cdc.o)
 .text.USBUART_1_PutChar
                0x00000000       0x28 .\CortexM3\ARM_GCC_493\Debug\USB_UART.a(USBUART_1_cdc.o)
 .text.USBUART_1_PutCRLF
                0x00000000       0x30 .\CortexM3\ARM_GCC_493\Debug\USB_UART.a(USBUART_1_cdc.o)
 .text.USBUART_1_DataIsReady
                0x00000000       0x18 .\CortexM3\ARM_GCC_493\Debug\USB_UART.a(USBUART_1_cdc.o)
 .text.USBUART_1_GetData
                0x00000000       0x20 .\CortexM3\ARM_GCC_493\Debug\USB_UART.a(USBUART_1_cdc.o)
 .text.USBUART_1_GetChar
                0x00000000       0x28 .\CortexM3\ARM_GCC_493\Debug\USB_UART.a(USBUART_1_cdc.o)
 .text.USBUART_1_IsLineChanged
                0x00000000       0x38 .\CortexM3\ARM_GCC_493\Debug\USB_UART.a(USBUART_1_cdc.o)
 .text.USBUART_1_GetDTERate
                0x00000000       0x30 .\CortexM3\ARM_GCC_493\Debug\USB_UART.a(USBUART_1_cdc.o)
 .text.USBUART_1_GetCharFormat
                0x00000000       0x18 .\CortexM3\ARM_GCC_493\Debug\USB_UART.a(USBUART_1_cdc.o)
 .text.USBUART_1_GetParityType
                0x00000000       0x18 .\CortexM3\ARM_GCC_493\Debug\USB_UART.a(USBUART_1_cdc.o)
 .text.USBUART_1_GetDataBits
                0x00000000       0x18 .\CortexM3\ARM_GCC_493\Debug\USB_UART.a(USBUART_1_cdc.o)
 .text.USBUART_1_GetLineControl
                0x00000000       0x18 .\CortexM3\ARM_GCC_493\Debug\USB_UART.a(USBUART_1_cdc.o)
 .text.USBUART_1_SendSerialState
                0x00000000       0x64 .\CortexM3\ARM_GCC_493\Debug\USB_UART.a(USBUART_1_cdc.o)
 .text.USBUART_1_GetSerialState
                0x00000000       0x18 .\CortexM3\ARM_GCC_493\Debug\USB_UART.a(USBUART_1_cdc.o)
 .text.USBUART_1_NotificationIsReady
                0x00000000       0x24 .\CortexM3\ARM_GCC_493\Debug\USB_UART.a(USBUART_1_cdc.o)
 .text.USBUART_1_SetComPort
                0x00000000       0x18 .\CortexM3\ARM_GCC_493\Debug\USB_UART.a(USBUART_1_cdc.o)
 .text.USBUART_1_GetComPort
                0x00000000        0xc .\CortexM3\ARM_GCC_493\Debug\USB_UART.a(USBUART_1_cdc.o)
 .rodata        0x00000000        0x4 .\CortexM3\ARM_GCC_493\Debug\USB_UART.a(USBUART_1_cdc.o)
 .text          0x00000000        0x0 .\CortexM3\ARM_GCC_493\Debug\USB_UART.a(USBUART_1_drv.o)
 .data          0x00000000        0x0 .\CortexM3\ARM_GCC_493\Debug\USB_UART.a(USBUART_1_drv.o)
 .bss           0x00000000        0x0 .\CortexM3\ARM_GCC_493\Debug\USB_UART.a(USBUART_1_drv.o)
 .text          0x00000000        0x0 .\CortexM3\ARM_GCC_493\Debug\USB_UART.a(USBUART_1_episr.o)
 .data          0x00000000        0x0 .\CortexM3\ARM_GCC_493\Debug\USB_UART.a(USBUART_1_episr.o)
 .bss           0x00000000        0x0 .\CortexM3\ARM_GCC_493\Debug\USB_UART.a(USBUART_1_episr.o)
 .text          0x00000000        0x0 .\CortexM3\ARM_GCC_493\Debug\USB_UART.a(USBUART_1_pm.o)
 .data          0x00000000        0x0 .\CortexM3\ARM_GCC_493\Debug\USB_UART.a(USBUART_1_pm.o)
 .bss           0x00000000        0x4 .\CortexM3\ARM_GCC_493\Debug\USB_UART.a(USBUART_1_pm.o)
 .text.USBUART_1_SaveConfig
                0x00000000        0x4 .\CortexM3\ARM_GCC_493\Debug\USB_UART.a(USBUART_1_pm.o)
 .text.USBUART_1_RestoreConfig
                0x00000000       0x1c .\CortexM3\ARM_GCC_493\Debug\USB_UART.a(USBUART_1_pm.o)
 .text.USBUART_1_Suspend
                0x00000000       0xc8 .\CortexM3\ARM_GCC_493\Debug\USB_UART.a(USBUART_1_pm.o)
 .text.USBUART_1_Resume
                0x00000000       0xbc .\CortexM3\ARM_GCC_493\Debug\USB_UART.a(USBUART_1_pm.o)
 .text          0x00000000        0x0 .\CortexM3\ARM_GCC_493\Debug\USB_UART.a(USBUART_1_std.o)
 .data          0x00000000        0x0 .\CortexM3\ARM_GCC_493\Debug\USB_UART.a(USBUART_1_std.o)
 .text.USBUART_1_EpStateInit
                0x00000000       0x40 .\CortexM3\ARM_GCC_493\Debug\USB_UART.a(USBUART_1_std.o)
 .text.USBUART_1_TerminateEP
                0x00000000       0x4c .\CortexM3\ARM_GCC_493\Debug\USB_UART.a(USBUART_1_std.o)
 .text          0x00000000        0x0 .\CortexM3\ARM_GCC_493\Debug\USB_UART.a(USBUART_1_vnd.o)
 .data          0x00000000        0x0 .\CortexM3\ARM_GCC_493\Debug\USB_UART.a(USBUART_1_vnd.o)
 .bss           0x00000000        0x0 .\CortexM3\ARM_GCC_493\Debug\USB_UART.a(USBUART_1_vnd.o)
 .text          0x00000000        0x0 .\CortexM3\ARM_GCC_493\Debug\USB_UART.a(USBUART_1_Dp.o)
 .data          0x00000000        0x0 .\CortexM3\ARM_GCC_493\Debug\USB_UART.a(USBUART_1_Dp.o)
 .bss           0x00000000        0x0 .\CortexM3\ARM_GCC_493\Debug\USB_UART.a(USBUART_1_Dp.o)
 .text.USBUART_1_Dp_Write
                0x00000000       0x18 .\CortexM3\ARM_GCC_493\Debug\USB_UART.a(USBUART_1_Dp.o)
 .text.USBUART_1_Dp_SetDriveMode
                0x00000000       0x18 .\CortexM3\ARM_GCC_493\Debug\USB_UART.a(USBUART_1_Dp.o)
 .text.USBUART_1_Dp_Read
                0x00000000       0x10 .\CortexM3\ARM_GCC_493\Debug\USB_UART.a(USBUART_1_Dp.o)
 .text.USBUART_1_Dp_ReadDataReg
                0x00000000       0x10 .\CortexM3\ARM_GCC_493\Debug\USB_UART.a(USBUART_1_Dp.o)
 .text.USBUART_1_Dp_SetInterruptMode
                0x00000000       0x14 .\CortexM3\ARM_GCC_493\Debug\USB_UART.a(USBUART_1_Dp.o)
 .text          0x00000000        0x0 .\CortexM3\ARM_GCC_493\Debug\USB_UART.a(CyScBoostClk.o)
 .data          0x00000000        0x0 .\CortexM3\ARM_GCC_493\Debug\USB_UART.a(CyScBoostClk.o)
 .bss           0x00000000        0x0 .\CortexM3\ARM_GCC_493\Debug\USB_UART.a(CyScBoostClk.o)
 .text.CyScBoostClk_Start
                0x00000000       0x1c .\CortexM3\ARM_GCC_493\Debug\USB_UART.a(CyScBoostClk.o)
 .text.CyScBoostClk_Stop
                0x00000000       0x1c .\CortexM3\ARM_GCC_493\Debug\USB_UART.a(CyScBoostClk.o)
 .text.CyScBoostClk_StopBlock
                0x00000000       0x6c .\CortexM3\ARM_GCC_493\Debug\USB_UART.a(CyScBoostClk.o)
 .text.CyScBoostClk_StandbyPower
                0x00000000       0x20 .\CortexM3\ARM_GCC_493\Debug\USB_UART.a(CyScBoostClk.o)
 .text.CyScBoostClk_GetDividerRegister
                0x00000000        0xc .\CortexM3\ARM_GCC_493\Debug\USB_UART.a(CyScBoostClk.o)
 .text.CyScBoostClk_SetModeRegister
                0x00000000       0x14 .\CortexM3\ARM_GCC_493\Debug\USB_UART.a(CyScBoostClk.o)
 .text.CyScBoostClk_ClearModeRegister
                0x00000000       0x18 .\CortexM3\ARM_GCC_493\Debug\USB_UART.a(CyScBoostClk.o)
 .text.CyScBoostClk_GetModeRegister
                0x00000000       0x10 .\CortexM3\ARM_GCC_493\Debug\USB_UART.a(CyScBoostClk.o)
 .text.CyScBoostClk_GetSourceRegister
                0x00000000       0x10 .\CortexM3\ARM_GCC_493\Debug\USB_UART.a(CyScBoostClk.o)
 .text.CyScBoostClk_SetDividerRegister
                0x00000000       0xd8 .\CortexM3\ARM_GCC_493\Debug\USB_UART.a(CyScBoostClk.o)
 .text.CyScBoostClk_SetSourceRegister
                0x00000000       0x5c .\CortexM3\ARM_GCC_493\Debug\USB_UART.a(CyScBoostClk.o)
 .text.CyScBoostClk_SetPhaseRegister
                0x00000000       0x10 .\CortexM3\ARM_GCC_493\Debug\USB_UART.a(CyScBoostClk.o)
 .text.CyScBoostClk_GetPhaseRegister
                0x00000000       0x10 .\CortexM3\ARM_GCC_493\Debug\USB_UART.a(CyScBoostClk.o)
 .data          0x00000000        0x0 .\CortexM3\ARM_GCC_493\Debug\USB_UART.a(CyBootAsmGnu.o)
 .bss           0x00000000        0x0 .\CortexM3\ARM_GCC_493\Debug\USB_UART.a(CyBootAsmGnu.o)
 .text          0x00000000        0x0 .\CortexM3\ARM_GCC_493\Debug\USB_UART.a(CyFlash.o)
 .data          0x00000000        0x0 .\CortexM3\ARM_GCC_493\Debug\USB_UART.a(CyFlash.o)
 .bss           0x00000000        0x4 .\CortexM3\ARM_GCC_493\Debug\USB_UART.a(CyFlash.o)
 .text.CyFlashGetSpcAlgorithm
                0x00000000       0x4c .\CortexM3\ARM_GCC_493\Debug\USB_UART.a(CyFlash.o)
 .text.CySetTempInt
                0x00000000       0x60 .\CortexM3\ARM_GCC_493\Debug\USB_UART.a(CyFlash.o)
 .text.CyFlash_Start
                0x00000000       0x54 .\CortexM3\ARM_GCC_493\Debug\USB_UART.a(CyFlash.o)
 .text.CyFlash_Stop
                0x00000000       0x24 .\CortexM3\ARM_GCC_493\Debug\USB_UART.a(CyFlash.o)
 .text.CySetTemp
                0x00000000       0x14 .\CortexM3\ARM_GCC_493\Debug\USB_UART.a(CyFlash.o)
 .text.CySetFlashEEBuffer
                0x00000000       0x28 .\CortexM3\ARM_GCC_493\Debug\USB_UART.a(CyFlash.o)
 .text.CyWriteRowFull
                0x00000000       0xf8 .\CortexM3\ARM_GCC_493\Debug\USB_UART.a(CyFlash.o)
 .text.CyWriteRowData
                0x00000000       0x14 .\CortexM3\ARM_GCC_493\Debug\USB_UART.a(CyFlash.o)
 .text.CyFlash_SetWaitCycles
                0x00000000       0x7c .\CortexM3\ARM_GCC_493\Debug\USB_UART.a(CyFlash.o)
 .text.CyEEPROM_Start
                0x00000000       0x54 .\CortexM3\ARM_GCC_493\Debug\USB_UART.a(CyFlash.o)
 .text.CyEEPROM_Stop
                0x00000000       0x24 .\CortexM3\ARM_GCC_493\Debug\USB_UART.a(CyFlash.o)
 .text.CyEEPROM_ReadReserve
                0x00000000       0x1c .\CortexM3\ARM_GCC_493\Debug\USB_UART.a(CyFlash.o)
 .text.CyEEPROM_ReadRelease
                0x00000000       0x10 .\CortexM3\ARM_GCC_493\Debug\USB_UART.a(CyFlash.o)
 COMMON         0x00000000        0x2 .\CortexM3\ARM_GCC_493\Debug\USB_UART.a(CyFlash.o)
 .text          0x00000000        0x0 .\CortexM3\ARM_GCC_493\Debug\USB_UART.a(CySpc.o)
 .data          0x00000000        0x0 .\CortexM3\ARM_GCC_493\Debug\USB_UART.a(CySpc.o)
 .bss           0x00000000        0x8 .\CortexM3\ARM_GCC_493\Debug\USB_UART.a(CySpc.o)
 .text.CySpcStart
                0x00000000       0x24 .\CortexM3\ARM_GCC_493\Debug\USB_UART.a(CySpc.o)
 .text.CySpcStop
                0x00000000       0x24 .\CortexM3\ARM_GCC_493\Debug\USB_UART.a(CySpc.o)
 .text.CySpcReadData
                0x00000000       0x34 .\CortexM3\ARM_GCC_493\Debug\USB_UART.a(CySpc.o)
 .text.CySpcLoadMultiByte
                0x00000000       0x78 .\CortexM3\ARM_GCC_493\Debug\USB_UART.a(CySpc.o)
 .text.CySpcLoadRow
                0x00000000       0x54 .\CortexM3\ARM_GCC_493\Debug\USB_UART.a(CySpc.o)
 .text.CySpcLoadRowFull
                0x00000000       0x80 .\CortexM3\ARM_GCC_493\Debug\USB_UART.a(CySpc.o)
 .text.CySpcWriteRow
                0x00000000       0x4c .\CortexM3\ARM_GCC_493\Debug\USB_UART.a(CySpc.o)
 .text.CySpcEraseSector
                0x00000000       0x3c .\CortexM3\ARM_GCC_493\Debug\USB_UART.a(CySpc.o)
 .text.CySpcGetTemp
                0x00000000       0x3c .\CortexM3\ARM_GCC_493\Debug\USB_UART.a(CySpc.o)
 .text.CySpcLock
                0x00000000       0x4c .\CortexM3\ARM_GCC_493\Debug\USB_UART.a(CySpc.o)
 .text.CySpcUnlock
                0x00000000       0x38 .\CortexM3\ARM_GCC_493\Debug\USB_UART.a(CySpc.o)
 .text.CySpcGetAlgorithm
                0x00000000       0x28 .\CortexM3\ARM_GCC_493\Debug\USB_UART.a(CySpc.o)
 .text          0x00000000        0x0 .\CortexM3\ARM_GCC_493\Debug\USB_UART.a(USBUART_1_cls.o)
 .data          0x00000000        0x0 .\CortexM3\ARM_GCC_493\Debug\USB_UART.a(USBUART_1_cls.o)
 .bss           0x00000000        0x0 .\CortexM3\ARM_GCC_493\Debug\USB_UART.a(USBUART_1_cls.o)
 .text          0x00000000        0x0 .\CortexM3\ARM_GCC_493\Debug\USB_UART.a(USBUART_1_descr.o)
 .data          0x00000000        0x0 .\CortexM3\ARM_GCC_493\Debug\USB_UART.a(USBUART_1_descr.o)
 .bss           0x00000000        0x0 .\CortexM3\ARM_GCC_493\Debug\USB_UART.a(USBUART_1_descr.o)
 .text          0x00000000        0x0 c:/program files (x86)/cypress/psoc creator/4.0/psoc creator/import/gnu/arm/4.9.3/bin/../lib/gcc/arm-none-eabi/4.9.3/../../../../arm-none-eabi/lib/armv7-m\libg_nano.a(lib_a-errno.o)
 .data          0x00000000        0x0 c:/program files (x86)/cypress/psoc creator/4.0/psoc creator/import/gnu/arm/4.9.3/bin/../lib/gcc/arm-none-eabi/4.9.3/../../../../arm-none-eabi/lib/armv7-m\libg_nano.a(lib_a-errno.o)
 .bss           0x00000000        0x0 c:/program files (x86)/cypress/psoc creator/4.0/psoc creator/import/gnu/arm/4.9.3/bin/../lib/gcc/arm-none-eabi/4.9.3/../../../../arm-none-eabi/lib/armv7-m\libg_nano.a(lib_a-errno.o)
 .text.__errno  0x00000000        0xc c:/program files (x86)/cypress/psoc creator/4.0/psoc creator/import/gnu/arm/4.9.3/bin/../lib/gcc/arm-none-eabi/4.9.3/../../../../arm-none-eabi/lib/armv7-m\libg_nano.a(lib_a-errno.o)
 .text          0x00000000        0x0 c:/program files (x86)/cypress/psoc creator/4.0/psoc creator/import/gnu/arm/4.9.3/bin/../lib/gcc/arm-none-eabi/4.9.3/../../../../arm-none-eabi/lib/armv7-m\libg_nano.a(lib_a-exit.o)
 .data          0x00000000        0x0 c:/program files (x86)/cypress/psoc creator/4.0/psoc creator/import/gnu/arm/4.9.3/bin/../lib/gcc/arm-none-eabi/4.9.3/../../../../arm-none-eabi/lib/armv7-m\libg_nano.a(lib_a-exit.o)
 .bss           0x00000000        0x0 c:/program files (x86)/cypress/psoc creator/4.0/psoc creator/import/gnu/arm/4.9.3/bin/../lib/gcc/arm-none-eabi/4.9.3/../../../../arm-none-eabi/lib/armv7-m\libg_nano.a(lib_a-exit.o)
 .text.exit     0x00000000       0x28 c:/program files (x86)/cypress/psoc creator/4.0/psoc creator/import/gnu/arm/4.9.3/bin/../lib/gcc/arm-none-eabi/4.9.3/../../../../arm-none-eabi/lib/armv7-m\libg_nano.a(lib_a-exit.o)
 .text          0x00000000        0x0 c:/program files (x86)/cypress/psoc creator/4.0/psoc creator/import/gnu/arm/4.9.3/bin/../lib/gcc/arm-none-eabi/4.9.3/../../../../arm-none-eabi/lib/armv7-m\libg_nano.a(lib_a-impure.o)
 .data          0x00000000        0x0 c:/program files (x86)/cypress/psoc creator/4.0/psoc creator/import/gnu/arm/4.9.3/bin/../lib/gcc/arm-none-eabi/4.9.3/../../../../arm-none-eabi/lib/armv7-m\libg_nano.a(lib_a-impure.o)
 .bss           0x00000000        0x0 c:/program files (x86)/cypress/psoc creator/4.0/psoc creator/import/gnu/arm/4.9.3/bin/../lib/gcc/arm-none-eabi/4.9.3/../../../../arm-none-eabi/lib/armv7-m\libg_nano.a(lib_a-impure.o)
 .data.impure_data
                0x00000000       0x60 c:/program files (x86)/cypress/psoc creator/4.0/psoc creator/import/gnu/arm/4.9.3/bin/../lib/gcc/arm-none-eabi/4.9.3/../../../../arm-none-eabi/lib/armv7-m\libg_nano.a(lib_a-impure.o)
 .data._impure_ptr
                0x00000000        0x4 c:/program files (x86)/cypress/psoc creator/4.0/psoc creator/import/gnu/arm/4.9.3/bin/../lib/gcc/arm-none-eabi/4.9.3/../../../../arm-none-eabi/lib/armv7-m\libg_nano.a(lib_a-impure.o)
 .rodata.str1.1
                0x00000000        0x2 c:/program files (x86)/cypress/psoc creator/4.0/psoc creator/import/gnu/arm/4.9.3/bin/../lib/gcc/arm-none-eabi/4.9.3/../../../../arm-none-eabi/lib/armv7-m\libg_nano.a(lib_a-impure.o)
 .rodata._global_impure_ptr
                0x00000000        0x4 c:/program files (x86)/cypress/psoc creator/4.0/psoc creator/import/gnu/arm/4.9.3/bin/../lib/gcc/arm-none-eabi/4.9.3/../../../../arm-none-eabi/lib/armv7-m\libg_nano.a(lib_a-impure.o)
 .text          0x00000000        0x0 c:/program files (x86)/cypress/psoc creator/4.0/psoc creator/import/gnu/arm/4.9.3/bin/../lib/gcc/arm-none-eabi/4.9.3/../../../../arm-none-eabi/lib/armv7-m\libg_nano.a(lib_a-init.o)
 .data          0x00000000        0x0 c:/program files (x86)/cypress/psoc creator/4.0/psoc creator/import/gnu/arm/4.9.3/bin/../lib/gcc/arm-none-eabi/4.9.3/../../../../arm-none-eabi/lib/armv7-m\libg_nano.a(lib_a-init.o)
 .bss           0x00000000        0x0 c:/program files (x86)/cypress/psoc creator/4.0/psoc creator/import/gnu/arm/4.9.3/bin/../lib/gcc/arm-none-eabi/4.9.3/../../../../arm-none-eabi/lib/armv7-m\libg_nano.a(lib_a-init.o)
 .text          0x00000000        0x0 c:/program files (x86)/cypress/psoc creator/4.0/psoc creator/import/gnu/arm/4.9.3/bin/../lib/gcc/arm-none-eabi/4.9.3/../../../../arm-none-eabi/lib/armv7-m\libg_nano.a(lib_a-memcpy.o)
 .data          0x00000000        0x0 c:/program files (x86)/cypress/psoc creator/4.0/psoc creator/import/gnu/arm/4.9.3/bin/../lib/gcc/arm-none-eabi/4.9.3/../../../../arm-none-eabi/lib/armv7-m\libg_nano.a(lib_a-memcpy.o)
 .bss           0x00000000        0x0 c:/program files (x86)/cypress/psoc creator/4.0/psoc creator/import/gnu/arm/4.9.3/bin/../lib/gcc/arm-none-eabi/4.9.3/../../../../arm-none-eabi/lib/armv7-m\libg_nano.a(lib_a-memcpy.o)
 .text          0x00000000        0x0 c:/program files (x86)/cypress/psoc creator/4.0/psoc creator/import/gnu/arm/4.9.3/bin/../lib/gcc/arm-none-eabi/4.9.3/../../../../arm-none-eabi/lib/armv7-m\libg_nano.a(lib_a-memset.o)
 .data          0x00000000        0x0 c:/program files (x86)/cypress/psoc creator/4.0/psoc creator/import/gnu/arm/4.9.3/bin/../lib/gcc/arm-none-eabi/4.9.3/../../../../arm-none-eabi/lib/armv7-m\libg_nano.a(lib_a-memset.o)
 .bss           0x00000000        0x0 c:/program files (x86)/cypress/psoc creator/4.0/psoc creator/import/gnu/arm/4.9.3/bin/../lib/gcc/arm-none-eabi/4.9.3/../../../../arm-none-eabi/lib/armv7-m\libg_nano.a(lib_a-memset.o)
 .text          0x00000000        0x0 c:/program files (x86)/cypress/psoc creator/4.0/psoc creator/import/gnu/arm/4.9.3/bin/../lib/gcc/arm-none-eabi/4.9.3/armv7-m/crtend.o
 .data          0x00000000        0x0 c:/program files (x86)/cypress/psoc creator/4.0/psoc creator/import/gnu/arm/4.9.3/bin/../lib/gcc/arm-none-eabi/4.9.3/armv7-m/crtend.o
 .bss           0x00000000        0x0 c:/program files (x86)/cypress/psoc creator/4.0/psoc creator/import/gnu/arm/4.9.3/bin/../lib/gcc/arm-none-eabi/4.9.3/armv7-m/crtend.o
 .text          0x00000000        0x0 c:/program files (x86)/cypress/psoc creator/4.0/psoc creator/import/gnu/arm/4.9.3/bin/../lib/gcc/arm-none-eabi/4.9.3/armv7-m/crtn.o
 .data          0x00000000        0x0 c:/program files (x86)/cypress/psoc creator/4.0/psoc creator/import/gnu/arm/4.9.3/bin/../lib/gcc/arm-none-eabi/4.9.3/armv7-m/crtn.o
 .bss           0x00000000        0x0 c:/program files (x86)/cypress/psoc creator/4.0/psoc creator/import/gnu/arm/4.9.3/bin/../lib/gcc/arm-none-eabi/4.9.3/armv7-m/crtn.o

Memory Configuration

Name             Origin             Length             Attributes
rom              0x00000000         0x00040000         xr
ram              0x1fff8000         0x00010000         xrw
*default*        0x00000000         0xffffffff

Linker script and memory map

LOAD c:/program files (x86)/cypress/psoc creator/4.0/psoc creator/import/gnu/arm/4.9.3/bin/../lib/gcc/arm-none-eabi/4.9.3/armv7-m/crti.o
LOAD c:/program files (x86)/cypress/psoc creator/4.0/psoc creator/import/gnu/arm/4.9.3/bin/../lib/gcc/arm-none-eabi/4.9.3/armv7-m/crtbegin.o
LOAD c:/program files (x86)/cypress/psoc creator/4.0/psoc creator/import/gnu/arm/4.9.3/bin/../lib/gcc/arm-none-eabi/4.9.3/../../../../arm-none-eabi/lib/armv7-m/crt0.o
START GROUP
LOAD .\CortexM3\ARM_GCC_493\Debug\main.o
LOAD .\CortexM3\ARM_GCC_493\Debug\cymetadata.o
LOAD .\CortexM3\ARM_GCC_493\Debug\Cm3Start.o
LOAD .\CortexM3\ARM_GCC_493\Debug\USB_UART.a
LOAD C:\Program Files (x86)\Cypress\PSoC Creator\4.0\PSoC Creator\psoc\content\cycomponentlibrary\CyComponentLibrary.cylib\CortexM3\ARM_GCC_493\Debug\CyComponentLibrary.a
END GROUP
START GROUP
LOAD c:/program files (x86)/cypress/psoc creator/4.0/psoc creator/import/gnu/arm/4.9.3/bin/../lib/gcc/arm-none-eabi/4.9.3/armv7-m\libgcc.a
LOAD c:/program files (x86)/cypress/psoc creator/4.0/psoc creator/import/gnu/arm/4.9.3/bin/../lib/gcc/arm-none-eabi/4.9.3/../../../../arm-none-eabi/lib/armv7-m\libg_nano.a
LOAD c:/program files (x86)/cypress/psoc creator/4.0/psoc creator/import/gnu/arm/4.9.3/bin/../lib/gcc/arm-none-eabi/4.9.3/../../../../arm-none-eabi/lib/armv7-m\libc_nano.a
END GROUP
START GROUP
LOAD c:/program files (x86)/cypress/psoc creator/4.0/psoc creator/import/gnu/arm/4.9.3/bin/../lib/gcc/arm-none-eabi/4.9.3/armv7-m\libgcc.a
LOAD c:/program files (x86)/cypress/psoc creator/4.0/psoc creator/import/gnu/arm/4.9.3/bin/../lib/gcc/arm-none-eabi/4.9.3/../../../../arm-none-eabi/lib/armv7-m\libc_nano.a
END GROUP
LOAD c:/program files (x86)/cypress/psoc creator/4.0/psoc creator/import/gnu/arm/4.9.3/bin/../lib/gcc/arm-none-eabi/4.9.3/armv7-m/crtend.o
LOAD c:/program files (x86)/cypress/psoc creator/4.0/psoc creator/import/gnu/arm/4.9.3/bin/../lib/gcc/arm-none-eabi/4.9.3/armv7-m/crtn.o
START GROUP
LOAD c:/program files (x86)/cypress/psoc creator/4.0/psoc creator/import/gnu/arm/4.9.3/bin/../lib/gcc/arm-none-eabi/4.9.3/armv7-m\libgcc.a
LOAD c:/program files (x86)/cypress/psoc creator/4.0/psoc creator/import/gnu/arm/4.9.3/bin/../lib/gcc/arm-none-eabi/4.9.3/../../../../arm-none-eabi/lib/armv7-m\libc.a
LOAD c:/program files (x86)/cypress/psoc creator/4.0/psoc creator/import/gnu/arm/4.9.3/bin/../lib/gcc/arm-none-eabi/4.9.3/../../../../arm-none-eabi/lib/armv7-m\libnosys.a
END GROUP
                0x00000000                CY_APPL_ORIGIN = 0x0
                0x00000100                CY_FLASH_ROW_SIZE = 0x100
                0x00000020                CY_ECC_ROW_SIZE = 0x20
                0x00000000                CY_EE_IN_BTLDR = 0x0
                0x00000000                CY_APPL_LOADABLE = 0x0
                0x00000800                CY_EE_SIZE = 0x800
                0x00000001                CY_APPL_NUM = 0x1
                0x00000001                CY_APPL_MAX = 0x1
                0x00000040                CY_METADATA_SIZE = 0x40
                0x00000000                CY_APPL_LOADABLE = 0x0
                0x00000000                CY_CHECKSUM_EXCLUDE_SIZE = ALIGN (0x0, CY_FLASH_ROW_SIZE)
                0x1fff82b8                PROVIDE (__cy_heap_start, _end)
                0x00000001                PROVIDE (__cy_region_num, ((__cy_regions_end - __cy_regions) / 0x10))
                0x20008000                PROVIDE (__cy_stack, (ORIGIN (ram) + 0x10000))
                0x20007800                PROVIDE (__cy_heap_end, (__cy_stack - 0x800))

.cybootloader   0x00000000        0x0
 *(.cybootloader)
                0x00000000                appl1_start = CY_APPL_ORIGIN?CY_APPL_ORIGIN:ALIGN (CY_FLASH_ROW_SIZE)
                0x0001ff00                appl2_start = (appl1_start + ALIGN ((((0x40000 - appl1_start) - (0x2 * CY_FLASH_ROW_SIZE)) / 0x2), CY_FLASH_ROW_SIZE))
                0x00000000                appl_start = (CY_APPL_NUM == 0x1)?appl1_start:appl2_start
                0x00000000                ecc_offset = ((appl_start / CY_FLASH_ROW_SIZE) * CY_ECC_ROW_SIZE)
                0x00000000                ee_offset = (CY_APPL_LOADABLE && ! (CY_EE_IN_BTLDR))?((CY_EE_SIZE / CY_APPL_MAX) * (CY_APPL_NUM - 0x1)):0x0
                0x00000800                ee_size = (CY_APPL_LOADABLE && ! (CY_EE_IN_BTLDR))?(CY_EE_SIZE / CY_APPL_MAX):CY_EE_SIZE
                0x00000000                PROVIDE (CY_ECC_OFFSET, ecc_offset)

.text           0x00000000     0x1ae2
 CREATE_OBJECT_SYMBOLS
                0x00000000                PROVIDE (__cy_interrupt_vector, RomVectors)
 *(.romvectors)
 .romvectors    0x00000000       0x10 .\CortexM3\ARM_GCC_493\Debug\Cm3Start.o
                0x00000000                RomVectors
                0x00000001                ASSERT ((. != __cy_interrupt_vector), No interrupt vector)
                0x00000001                ASSERT (CY_APPL_ORIGIN?(SIZEOF (.cybootloader) <= CY_APPL_ORIGIN):0x1, Wrong image location)
                0x00000010                PROVIDE (__cy_reset, Reset)
 *(.text.Reset)
 .text.Reset    0x00000010       0x18 .\CortexM3\ARM_GCC_493\Debug\Cm3Start.o
                0x00000010                Reset
                0x00000001                ASSERT ((. != __cy_reset), No reset code)
 *(.dma_init)
                0x00000001                ASSERT ((((appl_start + .) <= 0x10000) || 0x1), DMA Init must be within the first 64k of flash)
 *(.text .text.* .gnu.linkonce.t.*)
 .text          0x00000028       0x5c c:/program files (x86)/cypress/psoc creator/4.0/psoc creator/import/gnu/arm/4.9.3/bin/../lib/gcc/arm-none-eabi/4.9.3/armv7-m/crtbegin.o
 .text.main     0x00000084       0x4c .\CortexM3\ARM_GCC_493\Debug\main.o
                0x00000084                main
 .text.IntDefaultHandler
                0x000000d0        0x4 .\CortexM3\ARM_GCC_493\Debug\Cm3Start.o
                0x000000d0                IntDefaultHandler
 .text.Start_c  0x000000d4       0x4c .\CortexM3\ARM_GCC_493\Debug\Cm3Start.o
                0x000000d4                Start_c
 .text.initialize_psoc
                0x00000120       0x74 .\CortexM3\ARM_GCC_493\Debug\Cm3Start.o
                0x00000120                initialize_psoc
 .text.CyClockStartupError
                0x00000194        0x4 .\CortexM3\ARM_GCC_493\Debug\USB_UART.a(cyfitter_cfg.o)
 .text.cfg_write_bytes32
                0x00000198       0x34 .\CortexM3\ARM_GCC_493\Debug\USB_UART.a(cyfitter_cfg.o)
 .text.AnalogSetDefault
                0x000001cc       0x28 .\CortexM3\ARM_GCC_493\Debug\USB_UART.a(cyfitter_cfg.o)
 .text.CYMEMZERO
                0x000001f4        0xc .\CortexM3\ARM_GCC_493\Debug\USB_UART.a(cyfitter_cfg.o)
 .text.CYCONFIGCPY
                0x00000200        0x8 .\CortexM3\ARM_GCC_493\Debug\USB_UART.a(cyfitter_cfg.o)
 .text.ClockSetup
                0x00000208       0xe0 .\CortexM3\ARM_GCC_493\Debug\USB_UART.a(cyfitter_cfg.o)
 .text.cyfitter_cfg
                0x000002e8      0x170 .\CortexM3\ARM_GCC_493\Debug\USB_UART.a(cyfitter_cfg.o)
                0x000002e8                cyfitter_cfg
 .text.CyHalt   0x00000458        0x4 .\CortexM3\ARM_GCC_493\Debug\USB_UART.a(CyLib.o)
                0x00000458                CyHalt
 .text.CyDelayUs
                0x0000045c       0x14 .\CortexM3\ARM_GCC_493\Debug\USB_UART.a(CyLib.o)
                0x0000045c                CyDelayUs
 .text.CyIntSetVector
                0x00000470       0x28 .\CortexM3\ARM_GCC_493\Debug\USB_UART.a(CyLib.o)
                0x00000470                CyIntSetVector
 .text.CyIntSetPriority
                0x00000498       0x30 .\CortexM3\ARM_GCC_493\Debug\USB_UART.a(CyLib.o)
                0x00000498                CyIntSetPriority
 .text.CyGetUniqueId
                0x000004c8       0x70 .\CortexM3\ARM_GCC_493\Debug\USB_UART.a(CyLib.o)
                0x000004c8                CyGetUniqueId
 .text.USBUART_1_Init
                0x00000538      0x140 .\CortexM3\ARM_GCC_493\Debug\USB_UART.a(USBUART_1.o)
                0x00000538                USBUART_1_Init
 .text.USBUART_1_InitComponent
                0x00000678       0xb8 .\CortexM3\ARM_GCC_493\Debug\USB_UART.a(USBUART_1.o)
                0x00000678                USBUART_1_InitComponent
 .text.USBUART_1_Start
                0x00000730       0x24 .\CortexM3\ARM_GCC_493\Debug\USB_UART.a(USBUART_1.o)
                0x00000730                USBUART_1_Start
 .text.USBUART_1_ReInitComponent
                0x00000754       0x4c .\CortexM3\ARM_GCC_493\Debug\USB_UART.a(USBUART_1.o)
                0x00000754                USBUART_1_ReInitComponent
 .text.USBUART_1_GetConfiguration
                0x000007a0        0xc .\CortexM3\ARM_GCC_493\Debug\USB_UART.a(USBUART_1.o)
                0x000007a0                USBUART_1_GetConfiguration
 .text.USBUART_1_GetEPState
                0x000007ac       0x14 .\CortexM3\ARM_GCC_493\Debug\USB_UART.a(USBUART_1.o)
                0x000007ac                USBUART_1_GetEPState
 .text.USBUART_1_GetEPCount
                0x000007c0       0x28 .\CortexM3\ARM_GCC_493\Debug\USB_UART.a(USBUART_1.o)
                0x000007c0                USBUART_1_GetEPCount
 .text.USBUART_1_LoadInEP
                0x000007e8       0x94 .\CortexM3\ARM_GCC_493\Debug\USB_UART.a(USBUART_1.o)
                0x000007e8                USBUART_1_LoadInEP
 .text.USBUART_1_EnableOutEP
                0x0000087c       0x2c .\CortexM3\ARM_GCC_493\Debug\USB_UART.a(USBUART_1.o)
                0x0000087c                USBUART_1_EnableOutEP
 .text.USBUART_1_ReadOutEP
                0x000008a8       0x50 .\CortexM3\ARM_GCC_493\Debug\USB_UART.a(USBUART_1.o)
                0x000008a8                USBUART_1_ReadOutEP
 .text.USBUART_1_GetInterfaceComPort
                0x000008f8       0x3c .\CortexM3\ARM_GCC_493\Debug\USB_UART.a(USBUART_1_cdc.o)
                0x000008f8                USBUART_1_GetInterfaceComPort
 .text.USBUART_1_DispatchCDCClassRqst
                0x00000934       0x98 .\CortexM3\ARM_GCC_493\Debug\USB_UART.a(USBUART_1_cdc.o)
                0x00000934                USBUART_1_DispatchCDCClassRqst
 .text.USBUART_1_CDC_Init
                0x000009cc       0x98 .\CortexM3\ARM_GCC_493\Debug\USB_UART.a(USBUART_1_cdc.o)
                0x000009cc                USBUART_1_CDC_Init
 .text.USBUART_1_PutData
                0x00000a64       0x4c .\CortexM3\ARM_GCC_493\Debug\USB_UART.a(USBUART_1_cdc.o)
                0x00000a64                USBUART_1_PutData
 .text.USBUART_1_GetCount
                0x00000ab0       0x34 .\CortexM3\ARM_GCC_493\Debug\USB_UART.a(USBUART_1_cdc.o)
                0x00000ab0                USBUART_1_GetCount
 .text.USBUART_1_CDCIsReady
                0x00000ae4       0x18 .\CortexM3\ARM_GCC_493\Debug\USB_UART.a(USBUART_1_cdc.o)
                0x00000ae4                USBUART_1_CDCIsReady
 .text.USBUART_1_GetAll
                0x00000afc       0x30 .\CortexM3\ARM_GCC_493\Debug\USB_UART.a(USBUART_1_cdc.o)
                0x00000afc                USBUART_1_GetAll
 .text.USBUART_1_Cdc_EpInit
                0x00000b2c       0x50 .\CortexM3\ARM_GCC_493\Debug\USB_UART.a(USBUART_1_cdc.o)
                0x00000b2c                USBUART_1_Cdc_EpInit
 .text.USBUART_1_LoadEP0
                0x00000b7c       0x94 .\CortexM3\ARM_GCC_493\Debug\USB_UART.a(USBUART_1_drv.o)
                0x00000b7c                USBUART_1_LoadEP0
 .text.USBUART_1_InitZeroLengthControlTransfer
                0x00000c10       0x34 .\CortexM3\ARM_GCC_493\Debug\USB_UART.a(USBUART_1_drv.o)
                0x00000c10                USBUART_1_InitZeroLengthControlTransfer
 .text.USBUART_1_ControlReadDataStage
                0x00000c44        0x8 .\CortexM3\ARM_GCC_493\Debug\USB_UART.a(USBUART_1_drv.o)
                0x00000c44                USBUART_1_ControlReadDataStage
 .text.USBUART_1_ControlWriteDataStage
                0x00000c4c       0x80 .\CortexM3\ARM_GCC_493\Debug\USB_UART.a(USBUART_1_drv.o)
                0x00000c4c                USBUART_1_ControlWriteDataStage
 .text.USBUART_1_InitNoDataControlTransfer
                0x00000ccc       0x2c .\CortexM3\ARM_GCC_493\Debug\USB_UART.a(USBUART_1_drv.o)
                0x00000ccc                USBUART_1_InitNoDataControlTransfer
 .text.USBUART_1_UpdateStatusBlock
                0x00000cf8       0x24 .\CortexM3\ARM_GCC_493\Debug\USB_UART.a(USBUART_1_drv.o)
                0x00000cf8                USBUART_1_UpdateStatusBlock
 .text.USBUART_1_HandleSetup
                0x00000d1c       0x5c .\CortexM3\ARM_GCC_493\Debug\USB_UART.a(USBUART_1_drv.o)
                0x00000d1c                USBUART_1_HandleSetup
 .text.USBUART_1_ControlReadStatusStage
                0x00000d78       0x34 .\CortexM3\ARM_GCC_493\Debug\USB_UART.a(USBUART_1_drv.o)
                0x00000d78                USBUART_1_ControlReadStatusStage
 .text.USBUART_1_HandleOUT
                0x00000dac       0x38 .\CortexM3\ARM_GCC_493\Debug\USB_UART.a(USBUART_1_drv.o)
                0x00000dac                USBUART_1_HandleOUT
 .text.USBUART_1_ControlWriteStatusStage
                0x00000de4       0x20 .\CortexM3\ARM_GCC_493\Debug\USB_UART.a(USBUART_1_drv.o)
                0x00000de4                USBUART_1_ControlWriteStatusStage
 .text.USBUART_1_NoDataControlStatusStage
                0x00000e04       0x40 .\CortexM3\ARM_GCC_493\Debug\USB_UART.a(USBUART_1_drv.o)
                0x00000e04                USBUART_1_NoDataControlStatusStage
 .text.USBUART_1_HandleIN
                0x00000e44       0x2c .\CortexM3\ARM_GCC_493\Debug\USB_UART.a(USBUART_1_drv.o)
                0x00000e44                USBUART_1_HandleIN
 .text.USBUART_1_EP_0_ISR
                0x00000e70       0xb8 .\CortexM3\ARM_GCC_493\Debug\USB_UART.a(USBUART_1_drv.o)
                0x00000e70                USBUART_1_EP_0_ISR
 .text.USBUART_1_InitializeStatusBlock
                0x00000f28       0x24 .\CortexM3\ARM_GCC_493\Debug\USB_UART.a(USBUART_1_drv.o)
                0x00000f28                USBUART_1_InitializeStatusBlock
 .text.USBUART_1_InitControlRead
                0x00000f4c       0x50 .\CortexM3\ARM_GCC_493\Debug\USB_UART.a(USBUART_1_drv.o)
                0x00000f4c                USBUART_1_InitControlRead
 .text.USBUART_1_InitControlWrite
                0x00000f9c       0x48 .\CortexM3\ARM_GCC_493\Debug\USB_UART.a(USBUART_1_drv.o)
                0x00000f9c                USBUART_1_InitControlWrite
 .text.USBUART_1_EP_1_ISR
                0x00000fe4       0x38 .\CortexM3\ARM_GCC_493\Debug\USB_UART.a(USBUART_1_episr.o)
                0x00000fe4                USBUART_1_EP_1_ISR
 .text.USBUART_1_EP_2_ISR
                0x0000101c       0x3c .\CortexM3\ARM_GCC_493\Debug\USB_UART.a(USBUART_1_episr.o)
                0x0000101c                USBUART_1_EP_2_ISR
 .text.USBUART_1_EP_3_ISR
                0x00001058       0x44 .\CortexM3\ARM_GCC_493\Debug\USB_UART.a(USBUART_1_episr.o)
                0x00001058                USBUART_1_EP_3_ISR
 .text.USBUART_1_SOF_ISR
                0x0000109c        0x4 .\CortexM3\ARM_GCC_493\Debug\USB_UART.a(USBUART_1_episr.o)
                0x0000109c                USBUART_1_SOF_ISR
 .text.USBUART_1_BUS_RESET_ISR
                0x000010a0        0x8 .\CortexM3\ARM_GCC_493\Debug\USB_UART.a(USBUART_1_episr.o)
                0x000010a0                USBUART_1_BUS_RESET_ISR
 .text.USBUART_1_DP_ISR
                0x000010a8        0x8 .\CortexM3\ARM_GCC_493\Debug\USB_UART.a(USBUART_1_pm.o)
                0x000010a8                USBUART_1_DP_ISR
 .text.USBUART_1_ReadDieID
                0x000010b0       0x6c .\CortexM3\ARM_GCC_493\Debug\USB_UART.a(USBUART_1_std.o)
                0x000010b0                USBUART_1_ReadDieID
 .text.USBUART_1_ConfigReg
                0x0000111c       0xa4 .\CortexM3\ARM_GCC_493\Debug\USB_UART.a(USBUART_1_std.o)
                0x0000111c                USBUART_1_ConfigReg
 .text.USBUART_1_GetConfigTablePtr
                0x000011c0       0x28 .\CortexM3\ARM_GCC_493\Debug\USB_UART.a(USBUART_1_std.o)
                0x000011c0                USBUART_1_GetConfigTablePtr
 .text.USBUART_1_ConfigAltChanged
                0x000011e8      0x11c .\CortexM3\ARM_GCC_493\Debug\USB_UART.a(USBUART_1_std.o)
                0x000011e8                USBUART_1_ConfigAltChanged
 .text.USBUART_1_GetDeviceTablePtr
                0x00001304       0x18 .\CortexM3\ARM_GCC_493\Debug\USB_UART.a(USBUART_1_std.o)
                0x00001304                USBUART_1_GetDeviceTablePtr
 .text.USBUART_1_GetInterfaceClassTablePtr
                0x0000131c       0x24 .\CortexM3\ARM_GCC_493\Debug\USB_UART.a(USBUART_1_std.o)
                0x0000131c                USBUART_1_GetInterfaceClassTablePtr
 .text.USBUART_1_Config
                0x00001340      0x1e4 .\CortexM3\ARM_GCC_493\Debug\USB_UART.a(USBUART_1_std.o)
                0x00001340                USBUART_1_Config
 .text.USBUART_1_SetEndpointHalt
                0x00001524       0x64 .\CortexM3\ARM_GCC_493\Debug\USB_UART.a(USBUART_1_std.o)
                0x00001524                USBUART_1_SetEndpointHalt
 .text.USBUART_1_ClearEndpointHalt
                0x00001588       0xa8 .\CortexM3\ARM_GCC_493\Debug\USB_UART.a(USBUART_1_std.o)
                0x00001588                USBUART_1_ClearEndpointHalt
 .text.USBUART_1_ValidateAlternateSetting
                0x00001630       0x4c .\CortexM3\ARM_GCC_493\Debug\USB_UART.a(USBUART_1_std.o)
                0x00001630                USBUART_1_ValidateAlternateSetting
 .text.USBUART_1_HandleStandardRqst
                0x0000167c      0x350 .\CortexM3\ARM_GCC_493\Debug\USB_UART.a(USBUART_1_std.o)
                0x0000167c                USBUART_1_HandleStandardRqst
 .text.USBUART_1_HandleVendorRqst
                0x000019cc       0x18 .\CortexM3\ARM_GCC_493\Debug\USB_UART.a(USBUART_1_vnd.o)
                0x000019cc                USBUART_1_HandleVendorRqst
 .text.USBUART_1_Dp_ClearInterrupt
                0x000019e4       0x10 .\CortexM3\ARM_GCC_493\Debug\USB_UART.a(USBUART_1_Dp.o)
                0x000019e4                USBUART_1_Dp_ClearInterrupt
 *fill*         0x000019f4        0x4 
 .text          0x000019f8       0x20 .\CortexM3\ARM_GCC_493\Debug\USB_UART.a(CyBootAsmGnu.o)
                0x000019f8                CyDelayCycles
                0x00001a08                CyEnterCriticalSection
                0x00001a10                CyExitCriticalSection
 .text.USBUART_1_DispatchClassRqst
                0x00001a18       0x58 .\CortexM3\ARM_GCC_493\Debug\USB_UART.a(USBUART_1_cls.o)
                0x00001a18                USBUART_1_DispatchClassRqst
 .text.__libc_init_array
                0x00001a70       0x4c c:/program files (x86)/cypress/psoc creator/4.0/psoc creator/import/gnu/arm/4.9.3/bin/../lib/gcc/arm-none-eabi/4.9.3/../../../../arm-none-eabi/lib/armv7-m\libg_nano.a(lib_a-init.o)
                0x00001a70                __libc_init_array
 .text.memcpy   0x00001abc       0x16 c:/program files (x86)/cypress/psoc creator/4.0/psoc creator/import/gnu/arm/4.9.3/bin/../lib/gcc/arm-none-eabi/4.9.3/../../../../arm-none-eabi/lib/armv7-m\libg_nano.a(lib_a-memcpy.o)
                0x00001abc                memcpy
 .text.memset   0x00001ad2       0x10 c:/program files (x86)/cypress/psoc creator/4.0/psoc creator/import/gnu/arm/4.9.3/bin/../lib/gcc/arm-none-eabi/4.9.3/../../../../arm-none-eabi/lib/armv7-m\libg_nano.a(lib_a-memset.o)
                0x00001ad2                memset
 *(.plt)
 *(.gnu.warning)
 *(.glue_7t)
 .glue_7t       0x00000000        0x0 linker stubs
 *(.glue_7)
 .glue_7        0x00000000        0x0 linker stubs
 *(.vfp11_veneer)
 .vfp11_veneer  0x00000000        0x0 linker stubs
 *(.bootloader)
 *(.ARM.extab* .gnu.linkonce.armextab.*)
 *(.gcc_except_table)

.v4_bx          0x00001ae4        0x0
 .v4_bx         0x00000000        0x0 linker stubs

.iplt           0x00001ae4        0x0
 .iplt          0x00000000        0x0 c:/program files (x86)/cypress/psoc creator/4.0/psoc creator/import/gnu/arm/4.9.3/bin/../lib/gcc/arm-none-eabi/4.9.3/armv7-m/crtbegin.o

.eh_frame_hdr
 *(.eh_frame_hdr)

.eh_frame       0x00001ae4        0x4
 *(.eh_frame)
 .eh_frame      0x00001ae4        0x0 c:/program files (x86)/cypress/psoc creator/4.0/psoc creator/import/gnu/arm/4.9.3/bin/../lib/gcc/arm-none-eabi/4.9.3/armv7-m/crtbegin.o
 .eh_frame      0x00001ae4        0x4 c:/program files (x86)/cypress/psoc creator/4.0/psoc creator/import/gnu/arm/4.9.3/bin/../lib/gcc/arm-none-eabi/4.9.3/armv7-m/crtend.o
                0x00001ae8                PROVIDE (__exidx_start, .)

.ARM.exidx
 *(.ARM.exidx* .gnu.linkonce.armexidx.*)
                0x00001ae8                __exidx_end = .

.rodata         0x00001ae8      0x1d8
 *(.rodata .rodata.* .gnu.linkonce.r.*)
 .rodata        0x00001ae8       0x30 .\CortexM3\ARM_GCC_493\Debug\USB_UART.a(cyfitter_cfg.o)
 .rodata.str1.4
                0x00001b18       0x14 .\CortexM3\ARM_GCC_493\Debug\USB_UART.a(USBUART_1_std.o)
 .rodata        0x00001b2c      0x160 .\CortexM3\ARM_GCC_493\Debug\USB_UART.a(USBUART_1_descr.o)
                0x00001b2c                USBUART_1_TABLE
                0x00001b34                USBUART_1_DEVICE0_TABLE
                0x00001b4c                USBUART_1_DEVICE0_CONFIGURATION0_TABLE
                0x00001b74                USBUART_1_DEVICE0_CONFIGURATION0_INTERFACE_CLASS
                0x00001b78                USBUART_1_DEVICE0_CONFIGURATION0_EP_SETTINGS_TABLE
                0x00001b90                USBUART_1_SN_STRING_DESCRIPTOR
                0x00001b94                USBUART_1_STRING_DESCRIPTORS
                0x00001c34                USBUART_1_DEVICE0_CONFIGURATION0_DESCR
                0x00001c78                USBUART_1_DEVICE0_DESCR
                0x00001c8c                . = ALIGN (0x4)
 *(.init)
 .init          0x00001c8c        0x4 c:/program files (x86)/cypress/psoc creator/4.0/psoc creator/import/gnu/arm/4.9.3/bin/../lib/gcc/arm-none-eabi/4.9.3/armv7-m/crti.o
                0x00001c8c                _init
 .init          0x00001c90        0x8 c:/program files (x86)/cypress/psoc creator/4.0/psoc creator/import/gnu/arm/4.9.3/bin/../lib/gcc/arm-none-eabi/4.9.3/armv7-m/crtn.o
                0x00001c98                . = ALIGN (0x4)
                0x00001c98                __preinit_array_start = .
 *(.preinit_array)
                0x00001c98                __preinit_array_end = .
                0x00001c98                . = ALIGN (0x4)
                0x00001c98                __init_array_start = .
 *(SORT(.init_array.*))
 *(.init_array)
 .init_array    0x00001c98        0x4 c:/program files (x86)/cypress/psoc creator/4.0/psoc creator/import/gnu/arm/4.9.3/bin/../lib/gcc/arm-none-eabi/4.9.3/armv7-m/crtbegin.o
 .init_array    0x00001c9c        0x4 .\CortexM3\ARM_GCC_493\Debug\Cm3Start.o
                0x00001ca0                __init_array_end = .
                0x00001ca0                . = ALIGN (0x4)
 *(.fini)
 .fini          0x00001ca0        0x4 c:/program files (x86)/cypress/psoc creator/4.0/psoc creator/import/gnu/arm/4.9.3/bin/../lib/gcc/arm-none-eabi/4.9.3/armv7-m/crti.o
                0x00001ca0                _fini
 .fini          0x00001ca4        0x8 c:/program files (x86)/cypress/psoc creator/4.0/psoc creator/import/gnu/arm/4.9.3/bin/../lib/gcc/arm-none-eabi/4.9.3/armv7-m/crtn.o
                0x00001cac                . = ALIGN (0x4)
                0x00001cac                __fini_array_start = .
 *(.fini_array)
 .fini_array    0x00001cac        0x4 c:/program files (x86)/cypress/psoc creator/4.0/psoc creator/import/gnu/arm/4.9.3/bin/../lib/gcc/arm-none-eabi/4.9.3/armv7-m/crtbegin.o
 *(SORT(.fini_array.*))
                0x00001cb0                __fini_array_end = .
                0x00001cb0                . = ALIGN (0x4)
 *crtbegin.o(.ctors)
 *(EXCLUDE_FILE(*crtend.o) .ctors)
 *(SORT(.ctors.*))
 *crtend.o(.ctors)
                0x00001cb0                . = ALIGN (0x4)
 *crtbegin.o(.dtors)
 *(EXCLUDE_FILE(*crtend.o) .dtors)
 *(SORT(.dtors.*))
 *crtend.o(.dtors)
                0x00001cb0                . = ALIGN (0x4)
                0x00001cb0                __cy_regions = .
                0x00001cb0        0x4 LONG 0x1cc0 __cy_region_init_ram
                0x00001cb4        0x4 LONG 0x1fff8108 __cy_region_start_data
                0x00001cb8        0x4 LONG 0x30 __cy_region_init_size_ram
                0x00001cbc        0x4 LONG 0x180 __cy_region_zero_size_ram
                0x00001cc0                __cy_regions_end = .
                0x00001cc0                . = ALIGN (0x8)
                0x00001cc0                _etext = .

.cy_checksum_exclude
                0x00001cc0        0x0
 *(.cy_checksum_exclude)

.ramvectors     0x1fff8000      0x100
                0x1fff8000                __cy_region_start_ram = .
 *(.ramvectors)
 .ramvectors    0x1fff8000      0x100 .\CortexM3\ARM_GCC_493\Debug\Cm3Start.o
                0x1fff8000                CyRamVectors

.noinit         0x1fff8100        0x5
 *(.noinit)
 .noinit        0x1fff8100        0x4 .\CortexM3\ARM_GCC_493\Debug\Cm3Start.o
 .noinit        0x1fff8104        0x1 .\CortexM3\ARM_GCC_493\Debug\USB_UART.a(CyLib.o)
                0x1fff8104                CyResetStatus

.data           0x1fff8108       0x30 load address 0x00001cc0
                0x1fff8108                __cy_region_start_data = .
 *(.jcr)
 .jcr           0x1fff8108        0x0 c:/program files (x86)/cypress/psoc creator/4.0/psoc creator/import/gnu/arm/4.9.3/bin/../lib/gcc/arm-none-eabi/4.9.3/armv7-m/crtbegin.o
 .jcr           0x1fff8108        0x4 c:/program files (x86)/cypress/psoc creator/4.0/psoc creator/import/gnu/arm/4.9.3/bin/../lib/gcc/arm-none-eabi/4.9.3/armv7-m/crtend.o
 *(.got.plt)
 *(.got)
 *(.shdata)
 *(.data .data.* .gnu.linkonce.d.*)
 .data          0x1fff810c       0x10 .\CortexM3\ARM_GCC_493\Debug\USB_UART.a(CyLib.o)
                0x1fff810c                cydelay_32k_ms
                0x1fff8110                cydelay_freq_khz
                0x1fff8114                cydelay_freq_mhz
                0x1fff8118                cydelay_freq_hz
 .data          0x1fff811c       0x1c .\CortexM3\ARM_GCC_493\Debug\USB_UART.a(USBUART_1_cdc.o)
                0x1fff811c                USBUART_1_linesCoding
                0x1fff8138                . = ALIGN (0x8)
 *(.ram)
                0x1fff8138                _edata = .

.igot.plt       0x1fff8138        0x0 load address 0x00001cf0
 .igot.plt      0x00000000        0x0 c:/program files (x86)/cypress/psoc creator/4.0/psoc creator/import/gnu/arm/4.9.3/bin/../lib/gcc/arm-none-eabi/4.9.3/armv7-m/crtbegin.o

.bss            0x1fff8138      0x180 load address 0x00001cf0
                0x1fff8138                PROVIDE (__bss_start__, .)
 *(.shbss)
 *(.bss .bss.* .gnu.linkonce.b.*)
 .bss           0x1fff8138       0x1c c:/program files (x86)/cypress/psoc creator/4.0/psoc creator/import/gnu/arm/4.9.3/bin/../lib/gcc/arm-none-eabi/4.9.3/armv7-m/crtbegin.o
 .bss           0x1fff8154        0x1 .\CortexM3\ARM_GCC_493\Debug\USB_UART.a(USBUART_1.o)
                0x1fff8154                USBUART_1_initVar
 .bss           0x1fff8155        0x1 .\CortexM3\ARM_GCC_493\Debug\USB_UART.a(USBUART_1_cdc.o)
 *fill*         0x1fff8156        0x2 
 .bss           0x1fff8158        0x4 .\CortexM3\ARM_GCC_493\Debug\USB_UART.a(USBUART_1_std.o)
 *(COMMON)
 COMMON         0x1fff815c       0x84 .\CortexM3\ARM_GCC_493\Debug\main.o
                0x1fff815c                Count
                0x1fff8160                Buffer
 COMMON         0x1fff81e0       0x18 .\CortexM3\ARM_GCC_493\Debug\USB_UART.a(USBUART_1_cdc.o)
                0x1fff81e0                USBUART_1_cdcDataInEp
                0x1fff81e4                USBUART_1_cdcDataOutEp
                0x1fff81e8                USBUART_1_cdcCommInInterruptEp
                0x1fff81ec                USBUART_1_serialStateBitmap
                0x1fff81f0                USBUART_1_linesChanged
                0x1fff81f4                USBUART_1_linesControlBitmap
 COMMON         0x1fff81f8       0x97 .\CortexM3\ARM_GCC_493\Debug\USB_UART.a(USBUART_1_drv.o)
                0x1fff81f8                USBUART_1_interfaceSettingLast
                0x1fff81fa                USBUART_1_ep0Mode
                0x1fff81fb                USBUART_1_lastPacketSize
                0x1fff81fc                USBUART_1_configurationChanged
                0x1fff81fd                USBUART_1_configuration
                0x1fff81fe                USBUART_1_interfaceNumber
                0x1fff81ff                USBUART_1_deviceStatus
                0x1fff8200                USBUART_1_ep0Toggle
                0x1fff8204                USBUART_1_interfaceClass
                0x1fff8208                USBUART_1_interfaceSetting
                0x1fff820c                USBUART_1_currentTD
                0x1fff8218                USBUART_1_ep0Count
                0x1fff821c                USBUART_1_EP
                0x1fff8288                USBUART_1_transferByteCount
                0x1fff828a                USBUART_1_transferState
                0x1fff828b                USBUART_1_device
                0x1fff828c                USBUART_1_interfaceStatus
                0x1fff828e                USBUART_1_deviceAddress
 *fill*         0x1fff828f        0x1 
 COMMON         0x1fff8290       0x22 .\CortexM3\ARM_GCC_493\Debug\USB_UART.a(USBUART_1_descr.o)
                0x1fff8290                USBUART_1_idSerialNumberStringDescriptor
                0x1fff82b8                . = ALIGN (0x8)
 *fill*         0x1fff82b2        0x6 
 *(.ram.b)
                0x1fff82b8                _end = .
                0x1fff82b8                __end = .
                0x1fff82b8                PROVIDE (end, .)
                0x1fff82b8                PROVIDE (__bss_end__, .)
                0x00001cc0                __cy_region_init_ram = LOADADDR (.data)
                0x00000030                __cy_region_init_size_ram = (_edata - ADDR (.data))
                0x00000180                __cy_region_zero_size_ram = (_end - _edata)

.heap           0x1fff82b8       0x80 load address 0x00001cf0
                0x1fff82b8                . = _end
                0x1fff8338                . = (. + 0x80)
 *fill*         0x1fff82b8       0x80 
                0x1fff8338                __cy_heap_limit = .

.stack          0x20007800      0x800
                0x20007800                __cy_stack_limit = .
                0x20008000                . = (. + 0x800)
 *fill*         0x20007800      0x800 
                0x00000001                ASSERT ((__cy_stack_limit >= __cy_heap_limit), region RAM overflowed with stack)
                0x00000000                cy_checksum_exclude_size = (CY_APPL_LOADABLE == 0x1)?SIZEOF (.cy_checksum_exclude):0x0
                0x00000001                ASSERT ((cy_checksum_exclude_size <= CY_CHECKSUM_EXCLUDE_SIZE), CY_BOOT: Section .cy_checksum_exclude size exceedes specified limit.)

.cyloadermeta
 *(.cyloadermeta)

.cyloadablemeta
 *(.cyloadablemeta)

.cyconfigecc    0x80000000      0xf00
 *(.cyconfigecc)
 .cyconfigecc   0x80000000      0xf00 .\CortexM3\ARM_GCC_493\Debug\cymetadata.o
                0x80000000                cy_meta_configecc

.cycustnvl      0x90000000        0x4
 *(.cycustnvl)
 .cycustnvl     0x90000000        0x4 .\CortexM3\ARM_GCC_493\Debug\cymetadata.o
                0x90000000                cy_meta_custnvl

.cywolatch      0x90100000        0x4
 *(.cywolatch)
 .cywolatch     0x90100000        0x4 .\CortexM3\ARM_GCC_493\Debug\cymetadata.o
                0x90100000                cy_meta_wonvl

.cyeeprom       0x90200000        0x0
 *(.cyeeprom)
                0x00000001                ASSERT ((. <= ((0x90200000 + ee_offset) + ee_size)), .cyeeprom data will not fit in EEPROM)

.cyflashprotect
                0x90400000      0x100
 *(.cyflashprotect)
 .cyflashprotect
                0x90400000      0x100 .\CortexM3\ARM_GCC_493\Debug\cymetadata.o
                0x90400000                cy_meta_flashprotect

.cymeta         0x90500000        0xc
 *(.cymeta)
 .cymeta        0x90500000        0xc .\CortexM3\ARM_GCC_493\Debug\cymetadata.o
                0x90500000                cy_metadata

.rel.dyn        0x00001cf0        0x0 load address 0x9050000c
 .rel.iplt      0x00000000        0x0 c:/program files (x86)/cypress/psoc creator/4.0/psoc creator/import/gnu/arm/4.9.3/bin/../lib/gcc/arm-none-eabi/4.9.3/armv7-m/crtbegin.o

.stab
 *(.stab)

.stabstr
 *(.stabstr)

.debug
 *(.debug)

.line
 *(.line)

.debug_srcinfo
 *(.debug_srcinfo)

.debug_sfnames
 *(.debug_sfnames)

.debug_aranges  0x00000000      0x990
 *(.debug_aranges)
 .debug_aranges
                0x00000000       0x20 .\CortexM3\ARM_GCC_493\Debug\main.o
 .debug_aranges
                0x00000020       0x18 .\CortexM3\ARM_GCC_493\Debug\cymetadata.o
 .debug_aranges
                0x00000038       0x48 .\CortexM3\ARM_GCC_493\Debug\Cm3Start.o
 .debug_aranges
                0x00000080       0x58 .\CortexM3\ARM_GCC_493\Debug\USB_UART.a(cyfitter_cfg.o)
 .debug_aranges
                0x000000d8      0x2a0 .\CortexM3\ARM_GCC_493\Debug\USB_UART.a(CyLib.o)
 .debug_aranges
                0x00000378       0x98 .\CortexM3\ARM_GCC_493\Debug\USB_UART.a(cyPm.o)
 .debug_aranges
                0x00000410       0xc8 .\CortexM3\ARM_GCC_493\Debug\USB_UART.a(USBUART_1.o)
 .debug_aranges
                0x000004d8       0xe8 .\CortexM3\ARM_GCC_493\Debug\USB_UART.a(USBUART_1_cdc.o)
 .debug_aranges
                0x000005c0       0x98 .\CortexM3\ARM_GCC_493\Debug\USB_UART.a(USBUART_1_drv.o)
 .debug_aranges
                0x00000658       0x40 .\CortexM3\ARM_GCC_493\Debug\USB_UART.a(USBUART_1_episr.o)
 .debug_aranges
                0x00000698       0x40 .\CortexM3\ARM_GCC_493\Debug\USB_UART.a(USBUART_1_pm.o)
 .debug_aranges
                0x000006d8       0x80 .\CortexM3\ARM_GCC_493\Debug\USB_UART.a(USBUART_1_std.o)
 .debug_aranges
                0x00000758       0x20 .\CortexM3\ARM_GCC_493\Debug\USB_UART.a(USBUART_1_vnd.o)
 .debug_aranges
                0x00000778       0x48 .\CortexM3\ARM_GCC_493\Debug\USB_UART.a(USBUART_1_Dp.o)
 .debug_aranges
                0x000007c0       0x80 .\CortexM3\ARM_GCC_493\Debug\USB_UART.a(CyScBoostClk.o)
 .debug_aranges
                0x00000840       0x20 .\CortexM3\ARM_GCC_493\Debug\USB_UART.a(CyBootAsmGnu.o)
 .debug_aranges
                0x00000860       0x80 .\CortexM3\ARM_GCC_493\Debug\USB_UART.a(CyFlash.o)
 .debug_aranges
                0x000008e0       0x78 .\CortexM3\ARM_GCC_493\Debug\USB_UART.a(CySpc.o)
 .debug_aranges
                0x00000958       0x20 .\CortexM3\ARM_GCC_493\Debug\USB_UART.a(USBUART_1_cls.o)
 .debug_aranges
                0x00000978       0x18 .\CortexM3\ARM_GCC_493\Debug\USB_UART.a(USBUART_1_descr.o)

.debug_pubnames
 *(.debug_pubnames)

.debug_info     0x00000000     0x6c05
 *(.debug_info .gnu.linkonce.wi.*)
 .debug_info    0x00000000      0x1f7 .\CortexM3\ARM_GCC_493\Debug\main.o
 .debug_info    0x000001f7      0x13f .\CortexM3\ARM_GCC_493\Debug\cymetadata.o
 .debug_info    0x00000336      0x39f .\CortexM3\ARM_GCC_493\Debug\Cm3Start.o
 .debug_info    0x000006d5      0x6a2 .\CortexM3\ARM_GCC_493\Debug\USB_UART.a(cyfitter_cfg.o)
 .debug_info    0x00000d77     0x13cb .\CortexM3\ARM_GCC_493\Debug\USB_UART.a(CyLib.o)
 .debug_info    0x00002142      0xa57 .\CortexM3\ARM_GCC_493\Debug\USB_UART.a(cyPm.o)
 .debug_info    0x00002b99      0x9b0 .\CortexM3\ARM_GCC_493\Debug\USB_UART.a(USBUART_1.o)
 .debug_info    0x00003549      0xb16 .\CortexM3\ARM_GCC_493\Debug\USB_UART.a(USBUART_1_cdc.o)
 .debug_info    0x0000405f      0x649 .\CortexM3\ARM_GCC_493\Debug\USB_UART.a(USBUART_1_drv.o)
 .debug_info    0x000046a8      0x244 .\CortexM3\ARM_GCC_493\Debug\USB_UART.a(USBUART_1_episr.o)
 .debug_info    0x000048ec      0x2ef .\CortexM3\ARM_GCC_493\Debug\USB_UART.a(USBUART_1_pm.o)
 .debug_info    0x00004bdb      0xb35 .\CortexM3\ARM_GCC_493\Debug\USB_UART.a(USBUART_1_std.o)
 .debug_info    0x00005710       0xe6 .\CortexM3\ARM_GCC_493\Debug\USB_UART.a(USBUART_1_vnd.o)
 .debug_info    0x000057f6      0x174 .\CortexM3\ARM_GCC_493\Debug\USB_UART.a(USBUART_1_Dp.o)
 .debug_info    0x0000596a      0x2c4 .\CortexM3\ARM_GCC_493\Debug\USB_UART.a(CyScBoostClk.o)
 .debug_info    0x00005c2e       0x86 .\CortexM3\ARM_GCC_493\Debug\USB_UART.a(CyBootAsmGnu.o)
 .debug_info    0x00005cb4      0x608 .\CortexM3\ARM_GCC_493\Debug\USB_UART.a(CyFlash.o)
 .debug_info    0x000062bc      0x4ea .\CortexM3\ARM_GCC_493\Debug\USB_UART.a(CySpc.o)
 .debug_info    0x000067a6      0x1d2 .\CortexM3\ARM_GCC_493\Debug\USB_UART.a(USBUART_1_cls.o)
 .debug_info    0x00006978      0x28d .\CortexM3\ARM_GCC_493\Debug\USB_UART.a(USBUART_1_descr.o)

.debug_abbrev   0x00000000     0x1ce5
 *(.debug_abbrev)
 .debug_abbrev  0x00000000      0x135 .\CortexM3\ARM_GCC_493\Debug\main.o
 .debug_abbrev  0x00000135       0x77 .\CortexM3\ARM_GCC_493\Debug\cymetadata.o
 .debug_abbrev  0x000001ac      0x200 .\CortexM3\ARM_GCC_493\Debug\Cm3Start.o
 .debug_abbrev  0x000003ac      0x1ff .\CortexM3\ARM_GCC_493\Debug\USB_UART.a(cyfitter_cfg.o)
 .debug_abbrev  0x000005ab      0x296 .\CortexM3\ARM_GCC_493\Debug\USB_UART.a(CyLib.o)
 .debug_abbrev  0x00000841      0x1ed .\CortexM3\ARM_GCC_493\Debug\USB_UART.a(cyPm.o)
 .debug_abbrev  0x00000a2e      0x25e .\CortexM3\ARM_GCC_493\Debug\USB_UART.a(USBUART_1.o)
 .debug_abbrev  0x00000c8c      0x28b .\CortexM3\ARM_GCC_493\Debug\USB_UART.a(USBUART_1_cdc.o)
 .debug_abbrev  0x00000f17      0x18b .\CortexM3\ARM_GCC_493\Debug\USB_UART.a(USBUART_1_drv.o)
 .debug_abbrev  0x000010a2      0x11b .\CortexM3\ARM_GCC_493\Debug\USB_UART.a(USBUART_1_episr.o)
 .debug_abbrev  0x000011bd      0x146 .\CortexM3\ARM_GCC_493\Debug\USB_UART.a(USBUART_1_pm.o)
 .debug_abbrev  0x00001303      0x23d .\CortexM3\ARM_GCC_493\Debug\USB_UART.a(USBUART_1_std.o)
 .debug_abbrev  0x00001540       0x9b .\CortexM3\ARM_GCC_493\Debug\USB_UART.a(USBUART_1_vnd.o)
 .debug_abbrev  0x000015db       0x90 .\CortexM3\ARM_GCC_493\Debug\USB_UART.a(USBUART_1_Dp.o)
 .debug_abbrev  0x0000166b      0x121 .\CortexM3\ARM_GCC_493\Debug\USB_UART.a(CyScBoostClk.o)
 .debug_abbrev  0x0000178c       0x14 .\CortexM3\ARM_GCC_493\Debug\USB_UART.a(CyBootAsmGnu.o)
 .debug_abbrev  0x000017a0      0x1ed .\CortexM3\ARM_GCC_493\Debug\USB_UART.a(CyFlash.o)
 .debug_abbrev  0x0000198d      0x1c1 .\CortexM3\ARM_GCC_493\Debug\USB_UART.a(CySpc.o)
 .debug_abbrev  0x00001b4e       0xe3 .\CortexM3\ARM_GCC_493\Debug\USB_UART.a(USBUART_1_cls.o)
 .debug_abbrev  0x00001c31       0xb4 .\CortexM3\ARM_GCC_493\Debug\USB_UART.a(USBUART_1_descr.o)

.debug_line     0x00000000     0x2803
 *(.debug_line)
 .debug_line    0x00000000      0x193 .\CortexM3\ARM_GCC_493\Debug\main.o
 .debug_line    0x00000193       0x51 .\CortexM3\ARM_GCC_493\Debug\cymetadata.o
 .debug_line    0x000001e4      0x247 .\CortexM3\ARM_GCC_493\Debug\Cm3Start.o
 .debug_line    0x0000042b      0x200 .\CortexM3\ARM_GCC_493\Debug\USB_UART.a(cyfitter_cfg.o)
 .debug_line    0x0000062b      0x842 .\CortexM3\ARM_GCC_493\Debug\USB_UART.a(CyLib.o)
 .debug_line    0x00000e6d      0x364 .\CortexM3\ARM_GCC_493\Debug\USB_UART.a(cyPm.o)
 .debug_line    0x000011d1      0x2ce .\CortexM3\ARM_GCC_493\Debug\USB_UART.a(USBUART_1.o)
 .debug_line    0x0000149f      0x2f8 .\CortexM3\ARM_GCC_493\Debug\USB_UART.a(USBUART_1_cdc.o)
 .debug_line    0x00001797      0x227 .\CortexM3\ARM_GCC_493\Debug\USB_UART.a(USBUART_1_drv.o)
 .debug_line    0x000019be       0xec .\CortexM3\ARM_GCC_493\Debug\USB_UART.a(USBUART_1_episr.o)
 .debug_line    0x00001aaa      0x116 .\CortexM3\ARM_GCC_493\Debug\USB_UART.a(USBUART_1_pm.o)
 .debug_line    0x00001bc0      0x3e8 .\CortexM3\ARM_GCC_493\Debug\USB_UART.a(USBUART_1_std.o)
 .debug_line    0x00001fa8       0x77 .\CortexM3\ARM_GCC_493\Debug\USB_UART.a(USBUART_1_vnd.o)
 .debug_line    0x0000201f       0xbd .\CortexM3\ARM_GCC_493\Debug\USB_UART.a(USBUART_1_Dp.o)
 .debug_line    0x000020dc      0x19e .\CortexM3\ARM_GCC_493\Debug\USB_UART.a(CyScBoostClk.o)
 .debug_line    0x0000227a       0x66 .\CortexM3\ARM_GCC_493\Debug\USB_UART.a(CyBootAsmGnu.o)
 .debug_line    0x000022e0      0x1ea .\CortexM3\ARM_GCC_493\Debug\USB_UART.a(CyFlash.o)
 .debug_line    0x000024ca      0x23c .\CortexM3\ARM_GCC_493\Debug\USB_UART.a(CySpc.o)
 .debug_line    0x00002706       0x98 .\CortexM3\ARM_GCC_493\Debug\USB_UART.a(USBUART_1_cls.o)
 .debug_line    0x0000279e       0x65 .\CortexM3\ARM_GCC_493\Debug\USB_UART.a(USBUART_1_descr.o)

.debug_frame    0x00000000     0x18b4
 *(.debug_frame)
 .debug_frame   0x00000000       0x2c .\CortexM3\ARM_GCC_493\Debug\main.o
 .debug_frame   0x0000002c       0xac .\CortexM3\ARM_GCC_493\Debug\Cm3Start.o
 .debug_frame   0x000000d8       0xe4 .\CortexM3\ARM_GCC_493\Debug\USB_UART.a(cyfitter_cfg.o)
 .debug_frame   0x000001bc      0x744 .\CortexM3\ARM_GCC_493\Debug\USB_UART.a(CyLib.o)
 .debug_frame   0x00000900      0x1f8 .\CortexM3\ARM_GCC_493\Debug\USB_UART.a(cyPm.o)
 .debug_frame   0x00000af8      0x1dc .\CortexM3\ARM_GCC_493\Debug\USB_UART.a(USBUART_1.o)
 .debug_frame   0x00000cd4      0x278 .\CortexM3\ARM_GCC_493\Debug\USB_UART.a(USBUART_1_cdc.o)
 .debug_frame   0x00000f4c      0x194 .\CortexM3\ARM_GCC_493\Debug\USB_UART.a(USBUART_1_drv.o)
 .debug_frame   0x000010e0       0x6c .\CortexM3\ARM_GCC_493\Debug\USB_UART.a(USBUART_1_episr.o)
 .debug_frame   0x0000114c       0xa0 .\CortexM3\ARM_GCC_493\Debug\USB_UART.a(USBUART_1_pm.o)
 .debug_frame   0x000011ec      0x17c .\CortexM3\ARM_GCC_493\Debug\USB_UART.a(USBUART_1_std.o)
 .debug_frame   0x00001368       0x20 .\CortexM3\ARM_GCC_493\Debug\USB_UART.a(USBUART_1_vnd.o)
 .debug_frame   0x00001388       0x70 .\CortexM3\ARM_GCC_493\Debug\USB_UART.a(USBUART_1_Dp.o)
 .debug_frame   0x000013f8      0x100 .\CortexM3\ARM_GCC_493\Debug\USB_UART.a(CyScBoostClk.o)
 .debug_frame   0x000014f8      0x174 .\CortexM3\ARM_GCC_493\Debug\USB_UART.a(CyFlash.o)
 .debug_frame   0x0000166c      0x160 .\CortexM3\ARM_GCC_493\Debug\USB_UART.a(CySpc.o)
 .debug_frame   0x000017cc       0x2c .\CortexM3\ARM_GCC_493\Debug\USB_UART.a(USBUART_1_cls.o)
 .debug_frame   0x000017f8       0x20 c:/program files (x86)/cypress/psoc creator/4.0/psoc creator/import/gnu/arm/4.9.3/bin/../lib/gcc/arm-none-eabi/4.9.3/../../../../arm-none-eabi/lib/armv7-m\libg_nano.a(lib_a-errno.o)
 .debug_frame   0x00001818       0x28 c:/program files (x86)/cypress/psoc creator/4.0/psoc creator/import/gnu/arm/4.9.3/bin/../lib/gcc/arm-none-eabi/4.9.3/../../../../arm-none-eabi/lib/armv7-m\libg_nano.a(lib_a-exit.o)
 .debug_frame   0x00001840       0x2c c:/program files (x86)/cypress/psoc creator/4.0/psoc creator/import/gnu/arm/4.9.3/bin/../lib/gcc/arm-none-eabi/4.9.3/../../../../arm-none-eabi/lib/armv7-m\libg_nano.a(lib_a-init.o)
 .debug_frame   0x0000186c       0x28 c:/program files (x86)/cypress/psoc creator/4.0/psoc creator/import/gnu/arm/4.9.3/bin/../lib/gcc/arm-none-eabi/4.9.3/../../../../arm-none-eabi/lib/armv7-m\libg_nano.a(lib_a-memcpy.o)
 .debug_frame   0x00001894       0x20 c:/program files (x86)/cypress/psoc creator/4.0/psoc creator/import/gnu/arm/4.9.3/bin/../lib/gcc/arm-none-eabi/4.9.3/../../../../arm-none-eabi/lib/armv7-m\libg_nano.a(lib_a-memset.o)

.debug_str      0x00000000     0x2785
 *(.debug_str)
 .debug_str     0x00000000      0x1e5 .\CortexM3\ARM_GCC_493\Debug\main.o
                                0x233 (size before relaxing)
 .debug_str     0x000001e5       0x75 .\CortexM3\ARM_GCC_493\Debug\cymetadata.o
                                0x1e0 (size before relaxing)
 .debug_str     0x0000025a      0x16a .\CortexM3\ARM_GCC_493\Debug\Cm3Start.o
                                0x2f4 (size before relaxing)
 .debug_str     0x000003c4      0x189 .\CortexM3\ARM_GCC_493\Debug\USB_UART.a(cyfitter_cfg.o)
                                0x32e (size before relaxing)
 .debug_str     0x0000054d      0x885 .\CortexM3\ARM_GCC_493\Debug\USB_UART.a(CyLib.o)
                                0xa62 (size before relaxing)
 .debug_str     0x00000dd2      0x359 .\CortexM3\ARM_GCC_493\Debug\USB_UART.a(cyPm.o)
                                0x711 (size before relaxing)
 .debug_str     0x0000112b      0x452 .\CortexM3\ARM_GCC_493\Debug\USB_UART.a(USBUART_1.o)
                                0x695 (size before relaxing)
 .debug_str     0x0000157d      0x528 .\CortexM3\ARM_GCC_493\Debug\USB_UART.a(USBUART_1_cdc.o)
                                0x825 (size before relaxing)
 .debug_str     0x00001aa5      0x2c1 .\CortexM3\ARM_GCC_493\Debug\USB_UART.a(USBUART_1_drv.o)
                                0x686 (size before relaxing)
 .debug_str     0x00001d66       0x8c .\CortexM3\ARM_GCC_493\Debug\USB_UART.a(USBUART_1_episr.o)
                                0x2df (size before relaxing)
 .debug_str     0x00001df2      0x102 .\CortexM3\ARM_GCC_493\Debug\USB_UART.a(USBUART_1_pm.o)
                                0x2f9 (size before relaxing)
 .debug_str     0x00001ef4      0x27b .\CortexM3\ARM_GCC_493\Debug\USB_UART.a(USBUART_1_std.o)
                                0x7fb (size before relaxing)
 .debug_str     0x0000216f       0x27 .\CortexM3\ARM_GCC_493\Debug\USB_UART.a(USBUART_1_vnd.o)
                                0x1dd (size before relaxing)
 .debug_str     0x00002196       0xb0 .\CortexM3\ARM_GCC_493\Debug\USB_UART.a(USBUART_1_Dp.o)
                                0x245 (size before relaxing)
 .debug_str     0x00002246      0x1be .\CortexM3\ARM_GCC_493\Debug\USB_UART.a(CyScBoostClk.o)
                                0x365 (size before relaxing)
 .debug_str     0x00002404      0x19c .\CortexM3\ARM_GCC_493\Debug\USB_UART.a(CyFlash.o)
                                0x38b (size before relaxing)
 .debug_str     0x000025a0       0xac .\CortexM3\ARM_GCC_493\Debug\USB_UART.a(CySpc.o)
                                0x314 (size before relaxing)
 .debug_str     0x0000264c       0x27 .\CortexM3\ARM_GCC_493\Debug\USB_UART.a(USBUART_1_cls.o)
                                0x2a4 (size before relaxing)
 .debug_str     0x00002673      0x112 .\CortexM3\ARM_GCC_493\Debug\USB_UART.a(USBUART_1_descr.o)
                                0x35d (size before relaxing)

.debug_loc      0x00000000     0x2f54
 *(.debug_loc)
 .debug_loc     0x00000000      0x144 .\CortexM3\ARM_GCC_493\Debug\Cm3Start.o
 .debug_loc     0x00000144      0x25a .\CortexM3\ARM_GCC_493\Debug\USB_UART.a(cyfitter_cfg.o)
 .debug_loc     0x0000039e      0xa4b .\CortexM3\ARM_GCC_493\Debug\USB_UART.a(CyLib.o)
 .debug_loc     0x00000de9      0x1e4 .\CortexM3\ARM_GCC_493\Debug\USB_UART.a(cyPm.o)
 .debug_loc     0x00000fcd      0x3e1 .\CortexM3\ARM_GCC_493\Debug\USB_UART.a(USBUART_1.o)
 .debug_loc     0x000013ae      0x56b .\CortexM3\ARM_GCC_493\Debug\USB_UART.a(USBUART_1_cdc.o)
 .debug_loc     0x00001919      0x171 .\CortexM3\ARM_GCC_493\Debug\USB_UART.a(USBUART_1_drv.o)
 .debug_loc     0x00001a8a       0x26 .\CortexM3\ARM_GCC_493\Debug\USB_UART.a(USBUART_1_pm.o)
 .debug_loc     0x00001ab0      0x93f .\CortexM3\ARM_GCC_493\Debug\USB_UART.a(USBUART_1_std.o)
 .debug_loc     0x000023ef       0x84 .\CortexM3\ARM_GCC_493\Debug\USB_UART.a(USBUART_1_Dp.o)
 .debug_loc     0x00002473      0x14d .\CortexM3\ARM_GCC_493\Debug\USB_UART.a(CyScBoostClk.o)
 .debug_loc     0x000025c0      0x300 .\CortexM3\ARM_GCC_493\Debug\USB_UART.a(CyFlash.o)
 .debug_loc     0x000028c0      0x64d .\CortexM3\ARM_GCC_493\Debug\USB_UART.a(CySpc.o)
 .debug_loc     0x00002f0d       0x47 .\CortexM3\ARM_GCC_493\Debug\USB_UART.a(USBUART_1_cls.o)

.debug_macinfo
 *(.debug_macinfo)

.debug_ranges   0x00000000      0x848
 *(.debug_ranges)
 .debug_ranges  0x00000000       0x10 .\CortexM3\ARM_GCC_493\Debug\main.o
 .debug_ranges  0x00000010       0x38 .\CortexM3\ARM_GCC_493\Debug\Cm3Start.o
 .debug_ranges  0x00000048       0x48 .\CortexM3\ARM_GCC_493\Debug\USB_UART.a(cyfitter_cfg.o)
 .debug_ranges  0x00000090      0x290 .\CortexM3\ARM_GCC_493\Debug\USB_UART.a(CyLib.o)
 .debug_ranges  0x00000320       0x88 .\CortexM3\ARM_GCC_493\Debug\USB_UART.a(cyPm.o)
 .debug_ranges  0x000003a8       0xd0 .\CortexM3\ARM_GCC_493\Debug\USB_UART.a(USBUART_1.o)
 .debug_ranges  0x00000478       0xd8 .\CortexM3\ARM_GCC_493\Debug\USB_UART.a(USBUART_1_cdc.o)
 .debug_ranges  0x00000550       0x88 .\CortexM3\ARM_GCC_493\Debug\USB_UART.a(USBUART_1_drv.o)
 .debug_ranges  0x000005d8       0x30 .\CortexM3\ARM_GCC_493\Debug\USB_UART.a(USBUART_1_episr.o)
 .debug_ranges  0x00000608       0x30 .\CortexM3\ARM_GCC_493\Debug\USB_UART.a(USBUART_1_pm.o)
 .debug_ranges  0x00000638       0x70 .\CortexM3\ARM_GCC_493\Debug\USB_UART.a(USBUART_1_std.o)
 .debug_ranges  0x000006a8       0x10 .\CortexM3\ARM_GCC_493\Debug\USB_UART.a(USBUART_1_vnd.o)
 .debug_ranges  0x000006b8       0x38 .\CortexM3\ARM_GCC_493\Debug\USB_UART.a(USBUART_1_Dp.o)
 .debug_ranges  0x000006f0       0x70 .\CortexM3\ARM_GCC_493\Debug\USB_UART.a(CyScBoostClk.o)
 .debug_ranges  0x00000760       0x70 .\CortexM3\ARM_GCC_493\Debug\USB_UART.a(CyFlash.o)
 .debug_ranges  0x000007d0       0x68 .\CortexM3\ARM_GCC_493\Debug\USB_UART.a(CySpc.o)
 .debug_ranges  0x00000838       0x10 .\CortexM3\ARM_GCC_493\Debug\USB_UART.a(USBUART_1_cls.o)

.comment        0x00000000       0x70
 .comment       0x00000000       0x70 .\CortexM3\ARM_GCC_493\Debug\main.o
                                 0x71 (size before relaxing)
 .comment       0x00000000       0x71 .\CortexM3\ARM_GCC_493\Debug\cymetadata.o
 .comment       0x00000000       0x71 .\CortexM3\ARM_GCC_493\Debug\Cm3Start.o
 .comment       0x00000000       0x71 .\CortexM3\ARM_GCC_493\Debug\USB_UART.a(cyfitter_cfg.o)
 .comment       0x00000000       0x71 .\CortexM3\ARM_GCC_493\Debug\USB_UART.a(CyLib.o)
 .comment       0x00000000       0x71 .\CortexM3\ARM_GCC_493\Debug\USB_UART.a(cyPm.o)
 .comment       0x00000000       0x71 .\CortexM3\ARM_GCC_493\Debug\USB_UART.a(USBUART_1.o)
 .comment       0x00000000       0x71 .\CortexM3\ARM_GCC_493\Debug\USB_UART.a(USBUART_1_cdc.o)
 .comment       0x00000000       0x71 .\CortexM3\ARM_GCC_493\Debug\USB_UART.a(USBUART_1_drv.o)
 .comment       0x00000000       0x71 .\CortexM3\ARM_GCC_493\Debug\USB_UART.a(USBUART_1_episr.o)
 .comment       0x00000000       0x71 .\CortexM3\ARM_GCC_493\Debug\USB_UART.a(USBUART_1_pm.o)
 .comment       0x00000000       0x71 .\CortexM3\ARM_GCC_493\Debug\USB_UART.a(USBUART_1_std.o)
 .comment       0x00000000       0x71 .\CortexM3\ARM_GCC_493\Debug\USB_UART.a(USBUART_1_vnd.o)
 .comment       0x00000000       0x71 .\CortexM3\ARM_GCC_493\Debug\USB_UART.a(USBUART_1_Dp.o)
 .comment       0x00000000       0x71 .\CortexM3\ARM_GCC_493\Debug\USB_UART.a(CyScBoostClk.o)
 .comment       0x00000000       0x71 .\CortexM3\ARM_GCC_493\Debug\USB_UART.a(CyFlash.o)
 .comment       0x00000000       0x71 .\CortexM3\ARM_GCC_493\Debug\USB_UART.a(CySpc.o)
 .comment       0x00000000       0x71 .\CortexM3\ARM_GCC_493\Debug\USB_UART.a(USBUART_1_cls.o)
 .comment       0x00000000       0x71 .\CortexM3\ARM_GCC_493\Debug\USB_UART.a(USBUART_1_descr.o)

.debug_weaknames
 *(.debug_weaknames)

.debug_funcnames
 *(.debug_funcnames)

.debug_typenames
 *(.debug_typenames)

.debug_varnames
 *(.debug_varnames)

.note.gnu.arm.ident
 *(.note.gnu.arm.ident)

.ARM.attributes
                0x00000000       0x29
 *(.ARM.attributes)
 .ARM.attributes
                0x00000000       0x1d c:/program files (x86)/cypress/psoc creator/4.0/psoc creator/import/gnu/arm/4.9.3/bin/../lib/gcc/arm-none-eabi/4.9.3/armv7-m/crti.o
 .ARM.attributes
                0x0000001d       0x2d c:/program files (x86)/cypress/psoc creator/4.0/psoc creator/import/gnu/arm/4.9.3/bin/../lib/gcc/arm-none-eabi/4.9.3/armv7-m/crtbegin.o
 .ARM.attributes
                0x0000004a       0x1b c:/program files (x86)/cypress/psoc creator/4.0/psoc creator/import/gnu/arm/4.9.3/bin/../lib/gcc/arm-none-eabi/4.9.3/../../../../arm-none-eabi/lib/armv7-m/crt0.o
 .ARM.attributes
                0x00000065       0x33 .\CortexM3\ARM_GCC_493\Debug\main.o
 .ARM.attributes
                0x00000098       0x33 .\CortexM3\ARM_GCC_493\Debug\cymetadata.o
 .ARM.attributes
                0x000000cb       0x33 .\CortexM3\ARM_GCC_493\Debug\Cm3Start.o
 .ARM.attributes
                0x000000fe       0x33 .\CortexM3\ARM_GCC_493\Debug\USB_UART.a(cyfitter_cfg.o)
 .ARM.attributes
                0x00000131       0x33 .\CortexM3\ARM_GCC_493\Debug\USB_UART.a(CyLib.o)
 .ARM.attributes
                0x00000164       0x33 .\CortexM3\ARM_GCC_493\Debug\USB_UART.a(cyPm.o)
 .ARM.attributes
                0x00000197       0x33 .\CortexM3\ARM_GCC_493\Debug\USB_UART.a(USBUART_1.o)
 .ARM.attributes
                0x000001ca       0x33 .\CortexM3\ARM_GCC_493\Debug\USB_UART.a(USBUART_1_cdc.o)
 .ARM.attributes
                0x000001fd       0x33 .\CortexM3\ARM_GCC_493\Debug\USB_UART.a(USBUART_1_drv.o)
 .ARM.attributes
                0x00000230       0x33 .\CortexM3\ARM_GCC_493\Debug\USB_UART.a(USBUART_1_episr.o)
 .ARM.attributes
                0x00000263       0x33 .\CortexM3\ARM_GCC_493\Debug\USB_UART.a(USBUART_1_pm.o)
 .ARM.attributes
                0x00000296       0x33 .\CortexM3\ARM_GCC_493\Debug\USB_UART.a(USBUART_1_std.o)
 .ARM.attributes
                0x000002c9       0x33 .\CortexM3\ARM_GCC_493\Debug\USB_UART.a(USBUART_1_vnd.o)
 .ARM.attributes
                0x000002fc       0x33 .\CortexM3\ARM_GCC_493\Debug\USB_UART.a(USBUART_1_Dp.o)
 .ARM.attributes
                0x0000032f       0x33 .\CortexM3\ARM_GCC_493\Debug\USB_UART.a(CyScBoostClk.o)
 .ARM.attributes
                0x00000362       0x21 .\CortexM3\ARM_GCC_493\Debug\USB_UART.a(CyBootAsmGnu.o)
 .ARM.attributes
                0x00000383       0x33 .\CortexM3\ARM_GCC_493\Debug\USB_UART.a(CyFlash.o)
 .ARM.attributes
                0x000003b6       0x33 .\CortexM3\ARM_GCC_493\Debug\USB_UART.a(CySpc.o)
 .ARM.attributes
                0x000003e9       0x33 .\CortexM3\ARM_GCC_493\Debug\USB_UART.a(USBUART_1_cls.o)
 .ARM.attributes
                0x0000041c       0x33 .\CortexM3\ARM_GCC_493\Debug\USB_UART.a(USBUART_1_descr.o)
 .ARM.attributes
                0x0000044f       0x2d c:/program files (x86)/cypress/psoc creator/4.0/psoc creator/import/gnu/arm/4.9.3/bin/../lib/gcc/arm-none-eabi/4.9.3/../../../../arm-none-eabi/lib/armv7-m\libg_nano.a(lib_a-errno.o)
 .ARM.attributes
                0x0000047c       0x2d c:/program files (x86)/cypress/psoc creator/4.0/psoc creator/import/gnu/arm/4.9.3/bin/../lib/gcc/arm-none-eabi/4.9.3/../../../../arm-none-eabi/lib/armv7-m\libg_nano.a(lib_a-exit.o)
 .ARM.attributes
                0x000004a9       0x2d c:/program files (x86)/cypress/psoc creator/4.0/psoc creator/import/gnu/arm/4.9.3/bin/../lib/gcc/arm-none-eabi/4.9.3/../../../../arm-none-eabi/lib/armv7-m\libg_nano.a(lib_a-impure.o)
 .ARM.attributes
                0x000004d6       0x2d c:/program files (x86)/cypress/psoc creator/4.0/psoc creator/import/gnu/arm/4.9.3/bin/../lib/gcc/arm-none-eabi/4.9.3/../../../../arm-none-eabi/lib/armv7-m\libg_nano.a(lib_a-init.o)
 .ARM.attributes
                0x00000503       0x2d c:/program files (x86)/cypress/psoc creator/4.0/psoc creator/import/gnu/arm/4.9.3/bin/../lib/gcc/arm-none-eabi/4.9.3/../../../../arm-none-eabi/lib/armv7-m\libg_nano.a(lib_a-memcpy.o)
 .ARM.attributes
                0x00000530       0x2d c:/program files (x86)/cypress/psoc creator/4.0/psoc creator/import/gnu/arm/4.9.3/bin/../lib/gcc/arm-none-eabi/4.9.3/../../../../arm-none-eabi/lib/armv7-m\libg_nano.a(lib_a-memset.o)
 .ARM.attributes
                0x0000055d       0x2d c:/program files (x86)/cypress/psoc creator/4.0/psoc creator/import/gnu/arm/4.9.3/bin/../lib/gcc/arm-none-eabi/4.9.3/armv7-m/crtend.o
 .ARM.attributes
                0x0000058a       0x1d c:/program files (x86)/cypress/psoc creator/4.0/psoc creator/import/gnu/arm/4.9.3/bin/../lib/gcc/arm-none-eabi/4.9.3/armv7-m/crtn.o

/DISCARD/
 *(.note.GNU-stack)
OUTPUT(.\CortexM3\ARM_GCC_493\Debug\USB_UART.elf elf32-littlearm)
